Archive member included to satisfy reference by file (symbol)

/opt/intelFPGA/18.1/nios2eds/bin/gnu/H-x86_64-pc-linux-gnu/bin/../lib/gcc/nios2-elf/5.3.0/../../../../../H-x86_64-pc-linux-gnu/nios2-elf/lib/mhw-mulx/libc.a(lib_a-puts.o)
                              obj/default/hello_ucosii.o (puts)
/opt/intelFPGA/18.1/nios2eds/bin/gnu/H-x86_64-pc-linux-gnu/bin/../lib/gcc/nios2-elf/5.3.0/../../../../../H-x86_64-pc-linux-gnu/nios2-elf/lib/mhw-mulx/libc.a(lib_a-strlen.o)
                              /opt/intelFPGA/18.1/nios2eds/bin/gnu/H-x86_64-pc-linux-gnu/bin/../lib/gcc/nios2-elf/5.3.0/../../../../../H-x86_64-pc-linux-gnu/nios2-elf/lib/mhw-mulx/libc.a(lib_a-puts.o) (strlen)
/opt/intelFPGA/18.1/nios2eds/bin/gnu/H-x86_64-pc-linux-gnu/bin/../lib/gcc/nios2-elf/5.3.0/../../../../../H-x86_64-pc-linux-gnu/nios2-elf/lib/mhw-mulx/libc.a(lib_a-findfp.o)
                              /opt/intelFPGA/18.1/nios2eds/bin/gnu/H-x86_64-pc-linux-gnu/bin/../lib/gcc/nios2-elf/5.3.0/../../../../../H-x86_64-pc-linux-gnu/nios2-elf/lib/mhw-mulx/libc.a(lib_a-puts.o) (__sinit)
/opt/intelFPGA/18.1/nios2eds/bin/gnu/H-x86_64-pc-linux-gnu/bin/../lib/gcc/nios2-elf/5.3.0/../../../../../H-x86_64-pc-linux-gnu/nios2-elf/lib/mhw-mulx/libc.a(lib_a-fvwrite.o)
                              /opt/intelFPGA/18.1/nios2eds/bin/gnu/H-x86_64-pc-linux-gnu/bin/../lib/gcc/nios2-elf/5.3.0/../../../../../H-x86_64-pc-linux-gnu/nios2-elf/lib/mhw-mulx/libc.a(lib_a-puts.o) (__sfvwrite_r)
/opt/intelFPGA/18.1/nios2eds/bin/gnu/H-x86_64-pc-linux-gnu/bin/../lib/gcc/nios2-elf/5.3.0/../../../../../H-x86_64-pc-linux-gnu/nios2-elf/lib/mhw-mulx/libc.a(lib_a-fwalk.o)
                              /opt/intelFPGA/18.1/nios2eds/bin/gnu/H-x86_64-pc-linux-gnu/bin/../lib/gcc/nios2-elf/5.3.0/../../../../../H-x86_64-pc-linux-gnu/nios2-elf/lib/mhw-mulx/libc.a(lib_a-findfp.o) (_fwalk)
/opt/intelFPGA/18.1/nios2eds/bin/gnu/H-x86_64-pc-linux-gnu/bin/../lib/gcc/nios2-elf/5.3.0/../../../../../H-x86_64-pc-linux-gnu/nios2-elf/lib/mhw-mulx/libc.a(lib_a-impure.o)
                              /opt/intelFPGA/18.1/nios2eds/bin/gnu/H-x86_64-pc-linux-gnu/bin/../lib/gcc/nios2-elf/5.3.0/../../../../../H-x86_64-pc-linux-gnu/nios2-elf/lib/mhw-mulx/libc.a(lib_a-findfp.o) (_global_impure_ptr)
/opt/intelFPGA/18.1/nios2eds/bin/gnu/H-x86_64-pc-linux-gnu/bin/../lib/gcc/nios2-elf/5.3.0/../../../../../H-x86_64-pc-linux-gnu/nios2-elf/lib/mhw-mulx/libc.a(lib_a-mallocr.o)
                              /opt/intelFPGA/18.1/nios2eds/bin/gnu/H-x86_64-pc-linux-gnu/bin/../lib/gcc/nios2-elf/5.3.0/../../../../../H-x86_64-pc-linux-gnu/nios2-elf/lib/mhw-mulx/libc.a(lib_a-findfp.o) (_malloc_r)
/opt/intelFPGA/18.1/nios2eds/bin/gnu/H-x86_64-pc-linux-gnu/bin/../lib/gcc/nios2-elf/5.3.0/../../../../../H-x86_64-pc-linux-gnu/nios2-elf/lib/mhw-mulx/libc.a(lib_a-memchr.o)
                              /opt/intelFPGA/18.1/nios2eds/bin/gnu/H-x86_64-pc-linux-gnu/bin/../lib/gcc/nios2-elf/5.3.0/../../../../../H-x86_64-pc-linux-gnu/nios2-elf/lib/mhw-mulx/libc.a(lib_a-fvwrite.o) (memchr)
/opt/intelFPGA/18.1/nios2eds/bin/gnu/H-x86_64-pc-linux-gnu/bin/../lib/gcc/nios2-elf/5.3.0/../../../../../H-x86_64-pc-linux-gnu/nios2-elf/lib/mhw-mulx/libc.a(lib_a-memcpy.o)
                              /opt/intelFPGA/18.1/nios2eds/bin/gnu/H-x86_64-pc-linux-gnu/bin/../lib/gcc/nios2-elf/5.3.0/../../../../../H-x86_64-pc-linux-gnu/nios2-elf/lib/mhw-mulx/libc.a(lib_a-fvwrite.o) (memcpy)
/opt/intelFPGA/18.1/nios2eds/bin/gnu/H-x86_64-pc-linux-gnu/bin/../lib/gcc/nios2-elf/5.3.0/../../../../../H-x86_64-pc-linux-gnu/nios2-elf/lib/mhw-mulx/libc.a(lib_a-memmove.o)
                              /opt/intelFPGA/18.1/nios2eds/bin/gnu/H-x86_64-pc-linux-gnu/bin/../lib/gcc/nios2-elf/5.3.0/../../../../../H-x86_64-pc-linux-gnu/nios2-elf/lib/mhw-mulx/libc.a(lib_a-fvwrite.o) (memmove)
/opt/intelFPGA/18.1/nios2eds/bin/gnu/H-x86_64-pc-linux-gnu/bin/../lib/gcc/nios2-elf/5.3.0/../../../../../H-x86_64-pc-linux-gnu/nios2-elf/lib/mhw-mulx/libc.a(lib_a-memset.o)
                              /opt/intelFPGA/18.1/nios2eds/bin/gnu/H-x86_64-pc-linux-gnu/bin/../lib/gcc/nios2-elf/5.3.0/../../../../../H-x86_64-pc-linux-gnu/nios2-elf/lib/mhw-mulx/libc.a(lib_a-findfp.o) (memset)
/opt/intelFPGA/18.1/nios2eds/bin/gnu/H-x86_64-pc-linux-gnu/bin/../lib/gcc/nios2-elf/5.3.0/../../../../../H-x86_64-pc-linux-gnu/nios2-elf/lib/mhw-mulx/libc.a(lib_a-reallocr.o)
                              /opt/intelFPGA/18.1/nios2eds/bin/gnu/H-x86_64-pc-linux-gnu/bin/../lib/gcc/nios2-elf/5.3.0/../../../../../H-x86_64-pc-linux-gnu/nios2-elf/lib/mhw-mulx/libc.a(lib_a-fvwrite.o) (_realloc_r)
/opt/intelFPGA/18.1/nios2eds/bin/gnu/H-x86_64-pc-linux-gnu/bin/../lib/gcc/nios2-elf/5.3.0/../../../../../H-x86_64-pc-linux-gnu/nios2-elf/lib/mhw-mulx/libc.a(lib_a-sbrkr.o)
                              /opt/intelFPGA/18.1/nios2eds/bin/gnu/H-x86_64-pc-linux-gnu/bin/../lib/gcc/nios2-elf/5.3.0/../../../../../H-x86_64-pc-linux-gnu/nios2-elf/lib/mhw-mulx/libc.a(lib_a-mallocr.o) (_sbrk_r)
[...]
Memory Configuration

Name             Origin             Length             Attributes
reset            0x0000000000000000 0x0000000000000020
SDRAM            0x0000000000000020 0x0000000003ffffe0
VGA_Subsystem_Char_Buf_Subsystem_Onchip_SRAM 0x0000000009000000 0x0000000000002000
*default*        0x0000000000000000 0xffffffffffffffff

Linker script and memory map

LOAD ../ucos2nios2_bsp//obj/HAL/src/crt0.o
LOAD obj/default/hello_ucosii.o
LOAD /opt/intelFPGA/18.1/nios2eds/bin/gnu/H-x86_64-pc-linux-gnu/bin/../lib/gcc/nios2-elf/5.3.0/../../../../../H-x86_64-pc-linux-gnu/nios2-elf/lib/mhw-mulx/libstdc++.a
LOAD /opt/intelFPGA/18.1/nios2eds/bin/gnu/H-x86_64-pc-linux-gnu/bin/../lib/gcc/nios2-elf/5.3.0/../../../../../H-x86_64-pc-linux-gnu/nios2-elf/lib/mhw-mulx/libm.a
LOAD /opt/intelFPGA/18.1/nios2eds/bin/gnu/H-x86_64-pc-linux-gnu/bin/../lib/gcc/nios2-elf/5.3.0/mhw-mulx/libgcc.a
START GROUP
LOAD /opt/intelFPGA/18.1/nios2eds/bin/gnu/H-x86_64-pc-linux-gnu/bin/../lib/gcc/nios2-elf/5.3.0/../../../../../H-x86_64-pc-linux-gnu/nios2-elf/lib/mhw-mulx/libc.a
LOAD /opt/intelFPGA/18.1/nios2eds/bin/gnu/H-x86_64-pc-linux-gnu/bin/../lib/gcc/nios2-elf/5.3.0/mhw-mulx/libgcc.a
LOAD ../ucos2nios2_bsp//libucosii_bsp.a
LOAD /opt/intelFPGA/18.1/nios2eds/bin/gnu/H-x86_64-pc-linux-gnu/bin/../lib/gcc/nios2-elf/5.3.0/../../../../../H-x86_64-pc-linux-gnu/nios2-elf/lib/mhw-mulx/libm.a
END GROUP
LOAD /opt/intelFPGA/18.1/nios2eds/bin/gnu/H-x86_64-pc-linux-gnu/bin/../lib/gcc/nios2-elf/5.3.0/mhw-mulx/libgcc.a
                0x0000000000000000                __alt_mem_SDRAM = 0x0
                0x0000000009000000                __alt_mem_VGA_Subsystem_Char_Buf_Subsystem_Onchip_SRAM = 0x9000000

.entry          0x0000000000000000       0x20
 *(.entry)
 .entry         0x0000000000000000       0x20 ../ucos2nios2_bsp//obj/HAL/src/crt0.o
                0x0000000000000000                __reset

.exceptions     0x0000000000000020      0x228
                0x0000000000000020                PROVIDE (__ram_exceptions_start, ABSOLUTE (.))
                0x0000000000000020                . = ALIGN (0x20)
 *(.irq)
 *(.exceptions.entry.label)
 .exceptions.entry.label
                0x0000000000000020        0x0 ../ucos2nios2_bsp//libucosii_bsp.a(alt_irq_entry.o)
                0x0000000000000020                alt_irq_entry
 .exceptions.entry.label
                0x0000000000000020        0x0 ../ucos2nios2_bsp//libucosii_bsp.a(alt_exception_entry.o)
                0x0000000000000020                alt_exception
 *(.exceptions.entry.user)
 *(.exceptions.entry.ecc_fatal)
 *(.exceptions.entry)
 .exceptions.entry
                0x0000000000000020       0x54 ../ucos2nios2_bsp//libucosii_bsp.a(alt_exception_entry.o)
 *(.exceptions.irqtest.user)
 *(.exceptions.irqtest)
 .exceptions.irqtest
                0x0000000000000074       0x10 ../ucos2nios2_bsp//libucosii_bsp.a(alt_irq_entry.o)
 *(.exceptions.irqhandler.user)
 *(.exceptions.irqhandler)
 .exceptions.irqhandler
                0x0000000000000084        0x4 ../ucos2nios2_bsp//libucosii_bsp.a(alt_irq_entry.o)
 *(.exceptions.irqreturn.user)
 *(.exceptions.irqreturn)
 .exceptions.irqreturn
                0x0000000000000088        0x4 ../ucos2nios2_bsp//libucosii_bsp.a(alt_irq_entry.o)
 *(.exceptions.notirq.label)
 .exceptions.notirq.label
                0x000000000000008c        0x0 ../ucos2nios2_bsp//libucosii_bsp.a(alt_irq_entry.o)
 *(.exceptions.notirq.user)
 *(.exceptions.notirq)
 .exceptions.notirq
                0x000000000000008c        0x8 ../ucos2nios2_bsp//libucosii_bsp.a(alt_exception_entry.o)
 *(.exceptions.soft.user)
 *(.exceptions.soft)
 *(.exceptions.unknown.user)
 *(.exceptions.unknown)
 .exceptions.unknown
                0x0000000000000094       0x14 ../ucos2nios2_bsp//libucosii_bsp.a(alt_exception_entry.o)
 *(.exceptions.exit.label)
 .exceptions.exit.label
                0x00000000000000a8        0x0 ../ucos2nios2_bsp//libucosii_bsp.a(alt_irq_entry.o)
 .exceptions.exit.label
                0x00000000000000a8        0x0 ../ucos2nios2_bsp//libucosii_bsp.a(alt_exception_entry.o)
 *(.exceptions.exit.user)
 *(.exceptions.exit)
 .exceptions.exit
                0x00000000000000a8       0x54 ../ucos2nios2_bsp//libucosii_bsp.a(alt_exception_entry.o)
 *(.exceptions)
 .exceptions    0x00000000000000fc       0xd8 ../ucos2nios2_bsp//libucosii_bsp.a(alt_irq_handler.o)
                0x00000000000000fc                alt_irq_handler
 .exceptions    0x00000000000001d4       0x74 ../ucos2nios2_bsp//libucosii_bsp.a(alt_instruction_exception_entry.o)
                0x00000000000001d4                alt_instruction_exception_entry
                0x0000000000000248                PROVIDE (__ram_exceptions_end, ABSOLUTE (.))
                0x0000000000000020                PROVIDE (__flash_exceptions_start, LOADADDR (.exceptions))

.text           0x0000000000000248     0xf88c
                [!provide]                        PROVIDE (stext, ABSOLUTE (.))
 *(.interp)
 *(.hash)
 *(.dynsym)
 *(.dynstr)
 *(.gnu.version)
 *(.gnu.version_d)
 *(.gnu.version_r)
 *(.rel.init)
 *(.rela.init)
 *(.rel.text .rel.text.* .rel.gnu.linkonce.t.*)
 *(.rela.text .rela.text.* .rela.gnu.linkonce.t.*)
 *(.rel.fini)
 *(.rela.fini)
 *(.rel.rodata .rel.rodata.* .rel.gnu.linkonce.r.*)
 *(.rela.rodata .rela.rodata.* .rela.gnu.linkonce.r.*)
 *(.rel.data .rel.data.* .rel.gnu.linkonce.d.*)
 *(.rela.data .rela.data.* .rela.gnu.linkonce.d.*)
 *(.rel.tdata .rel.tdata.* .rel.gnu.linkonce.td.*)
 *(.rela.tdata .rela.tdata.* .rela.gnu.linkonce.td.*)
 *(.rel.tbss .rel.tbss.* .rel.gnu.linkonce.tb.*)
 *(.rela.tbss .rela.tbss.* .rela.gnu.linkonce.tb.*)
 *(.rel.ctors)
 *(.rela.ctors)
 *(.rel.dtors)
 *(.rela.dtors)
 *(.rel.got)
 *(.rela.got)
 *(.rel.sdata .rel.sdata.* .rel.gnu.linkonce.s.*)
 *(.rela.sdata .rela.sdata.* .rela.gnu.linkonce.s.*)
 *(.rel.sbss .rel.sbss.* .rel.gnu.linkonce.sb.*)
 *(.rela.sbss .rela.sbss.* .rela.gnu.linkonce.sb.*)
 *(.rel.sdata2 .rel.sdata2.* .rel.gnu.linkonce.s2.*)
 *(.rela.sdata2 .rela.sdata2.* .rela.gnu.linkonce.s2.*)
 *(.rel.sbss2 .rel.sbss2.* .rel.gnu.linkonce.sb2.*)
 *(.rela.sbss2 .rela.sbss2.* .rela.gnu.linkonce.sb2.*)
 *(.rel.bss .rel.bss.* .rel.gnu.linkonce.b.*)
 *(.rela.bss .rela.bss.* .rela.gnu.linkonce.b.*)
 *(.rel.plt)
 *(.rela.plt)
 *(.rel.dyn)
 *(.init)
 *(.plt)
 *(.text .stub .text.* .gnu.linkonce.t.*)
 .text          0x0000000000000248       0x3c ../ucos2nios2_bsp//obj/HAL/src/crt0.o
                0x0000000000000248                _start
 .text          0x0000000000000284      0x728 obj/default/hello_ucosii.o
                0x0000000000000284                calc_pow
                0x00000000000002e4                DigitAtIndex
                0x0000000000000338                intDigitToHex
                0x0000000000000398                display_HEX7_HEX4
                0x00000000000003fc                display_HEX3_HEX0
                0x0000000000000460                TaskScanKey
                0x0000000000000520                TaskCounter
                0x00000000000005d8                TaskStopwatch
                0x00000000000006b0                TaskDispTime
                0x000000000000079c                main
 .text          0x00000000000009ac        0x0 /opt/intelFPGA/18.1/nios2eds/bin/gnu/H-x86_64-pc-linux-gnu/bin/../lib/gcc/nios2-elf/5.3.0/../../../../../H-x86_64-pc-linux-gnu/nios2-elf/lib/mhw-mulx/libc.a(lib_a-puts.o)
 .text._puts_r  0x00000000000009ac       0xc0 /opt/intelFPGA/18.1/nios2eds/bin/gnu/H-x86_64-pc-linux-gnu/bin/../lib/gcc/nios2-elf/5.3.0/../../../../../H-x86_64-pc-linux-gnu/nios2-elf/lib/mhw-mulx/libc.a(lib_a-puts.o)
                0x00000000000009ac                _puts_r
 .text.puts     0x0000000000000a6c       0x14 /opt/intelFPGA/18.1/nios2eds/bin/gnu/H-x86_64-pc-linux-gnu/bin/../lib/gcc/nios2-elf/5.3.0/../../../../../H-x86_64-pc-linux-gnu/nios2-elf/lib/mhw-mulx/libc.a(lib_a-puts.o)
                0x0000000000000a6c                puts
 .text          0x0000000000000a80        0x0 /opt/intelFPGA/18.1/nios2eds/bin/gnu/H-x86_64-pc-linux-gnu/bin/../lib/gcc/nios2-elf/5.3.0/../../../../../H-x86_64-pc-linux-gnu/nios2-elf/lib/mhw-mulx/libc.a(lib_a-strlen.o)
 .text.strlen   0x0000000000000a80       0x98 /opt/intelFPGA/18.1/nios2eds/bin/gnu/H-x86_64-pc-linux-gnu/bin/../lib/gcc/nios2-elf/5.3.0/../../../../../H-x86_64-pc-linux-gnu/nios2-elf/lib/mhw-mulx/libc.a(lib_a-strlen.o)
                0x0000000000000a80                strlen
 .text          0x0000000000000b18        0x0 /opt/intelFPGA/18.1/nios2eds/bin/gnu/H-x86_64-pc-linux-gnu/bin/../lib/gcc/nios2-elf/5.3.0/../../../../../H-x86_64-pc-linux-gnu/nios2-elf/lib/mhw-mulx/libc.a(lib_a-findfp.o)
 .text.__fp_unlock
                0x0000000000000b18        0x8 /opt/intelFPGA/18.1/nios2eds/bin/gnu/H-x86_64-pc-linux-gnu/bin/../lib/gcc/nios2-elf/5.3.0/../../../../../H-x86_64-pc-linux-gnu/nios2-elf/lib/mhw-mulx/libc.a(lib_a-findfp.o)
 .text._cleanup_r
                0x0000000000000b20        0xc /opt/intelFPGA/18.1/nios2eds/bin/gnu/H-x86_64-pc-linux-gnu/bin/../lib/gcc/nios2-elf/5.3.0/../../../../../H-x86_64-pc-linux-gnu/nios2-elf/lib/mhw-mulx/libc.a(lib_a-findfp.o)
                0x0000000000000b20                _cleanup_r
 .text.__sinit.part.1
                0x0000000000000b2c      0x19c /opt/intelFPGA/18.1/nios2eds/bin/gnu/H-x86_64-pc-linux-gnu/bin/../lib/gcc/nios2-elf/5.3.0/../../../../../H-x86_64-pc-linux-gnu/nios2-elf/lib/mhw-mulx/libc.a(lib_a-findfp.o)
 .text.__fp_lock
                0x0000000000000cc8        0x8 /opt/intelFPGA/18.1/nios2eds/bin/gnu/H-x86_64-pc-linux-gnu/bin/../lib/gcc/nios2-elf/5.3.0/../../../../../H-x86_64-pc-linux-gnu/nios2-elf/lib/mhw-mulx/libc.a(lib_a-findfp.o)
 .text.__sfmoreglue
                0x0000000000000cd0       0x68 /opt/intelFPGA/18.1/nios2eds/bin/gnu/H-x86_64-pc-linux-gnu/bin/../lib/gcc/nios2-elf/5.3.0/../../../../../H-x86_64-pc-linux-gnu/nios2-elf/lib/mhw-mulx/libc.a(lib_a-findfp.o)
                0x0000000000000cd0                __sfmoreglue
 .text.__sfp    0x0000000000000d38      0x118 /opt/intelFPGA/18.1/nios2eds/bin/gnu/H-x86_64-pc-linux-gnu/bin/../lib/gcc/nios2-elf/5.3.0/../../../../../H-x86_64-pc-linux-gnu/nios2-elf/lib/mhw-mulx/libc.a(lib_a-findfp.o)
                0x0000000000000d38                __sfp
 .text._cleanup
                0x0000000000000e50       0x18 /opt/intelFPGA/18.1/nios2eds/bin/gnu/H-x86_64-pc-linux-gnu/bin/../lib/gcc/nios2-elf/5.3.0/../../../../../H-x86_64-pc-linux-gnu/nios2-elf/lib/mhw-mulx/libc.a(lib_a-findfp.o)
                0x0000000000000e50                _cleanup
 .text.__sinit  0x0000000000000e68       0x10 /opt/intelFPGA/18.1/nios2eds/bin/gnu/H-x86_64-pc-linux-gnu/bin/../lib/gcc/nios2-elf/5.3.0/../../../../../H-x86_64-pc-linux-gnu/nios2-elf/lib/mhw-mulx/libc.a(lib_a-findfp.o)
                0x0000000000000e68                __sinit
 .text.__sfp_lock_acquire
                0x0000000000000e78        0x4 /opt/intelFPGA/18.1/nios2eds/bin/gnu/H-x86_64-pc-linux-gnu/bin/../lib/gcc/nios2-elf/5.3.0/../../../../../H-x86_64-pc-linux-gnu/nios2-elf/lib/mhw-mulx/libc.a(lib_a-findfp.o)
                0x0000000000000e78                __sfp_lock_acquire
 .text.__sfp_lock_release
                0x0000000000000e7c        0x4 /opt/intelFPGA/18.1/nios2eds/bin/gnu/H-x86_64-pc-linux-gnu/bin/../lib/gcc/nios2-elf/5.3.0/../../../../../H-x86_64-pc-linux-gnu/nios2-elf/lib/mhw-mulx/libc.a(lib_a-findfp.o)
                0x0000000000000e7c                __sfp_lock_release
 .text.__sinit_lock_acquire
                0x0000000000000e80        0x4 /opt/intelFPGA/18.1/nios2eds/bin/gnu/H-x86_64-pc-linux-gnu/bin/../lib/gcc/nios2-elf/5.3.0/../../../../../H-x86_64-pc-linux-gnu/nios2-elf/lib/mhw-mulx/libc.a(lib_a-findfp.o)
                0x0000000000000e80                __sinit_lock_acquire
 .text.__sinit_lock_release
                0x0000000000000e84        0x4 /opt/intelFPGA/18.1/nios2eds/bin/gnu/H-x86_64-pc-linux-gnu/bin/../lib/gcc/nios2-elf/5.3.0/../../../../../H-x86_64-pc-linux-gnu/nios2-elf/lib/mhw-mulx/libc.a(lib_a-findfp.o)
                0x0000000000000e84                __sinit_lock_release
 .text.__fp_lock_all
                0x0000000000000e88       0x18 /opt/intelFPGA/18.1/nios2eds/bin/gnu/H-x86_64-pc-linux-gnu/bin/../lib/gcc/nios2-elf/5.3.0/../../../../../H-x86_64-pc-linux-gnu/nios2-elf/lib/mhw-mulx/libc.a(lib_a-findfp.o)
                0x0000000000000e88                __fp_lock_all
 .text.__fp_unlock_all
                0x0000000000000ea0       0x18 /opt/intelFPGA/18.1/nios2eds/bin/gnu/H-x86_64-pc-linux-gnu/bin/../lib/gcc/nios2-elf/5.3.0/../../../../../H-x86_64-pc-linux-gnu/nios2-elf/lib/mhw-mulx/libc.a(lib_a-findfp.o)
                0x0000000000000ea0                __fp_unlock_all
 .text          0x0000000000000eb8        0x0 /opt/intelFPGA/18.1/nios2eds/bin/gnu/H-x86_64-pc-linux-gnu/bin/../lib/gcc/nios2-elf/5.3.0/../../../../../H-x86_64-pc-linux-gnu/nios2-elf/lib/mhw-mulx/libc.a(lib_a-fvwrite.o)
 .text.__sfvwrite_r
                0x0000000000000eb8      0x4bc /opt/intelFPGA/18.1/nios2eds/bin/gnu/H-x86_64-pc-linux-gnu/bin/../lib/gcc/nios2-elf/5.3.0/../../../../../H-x86_64-pc-linux-gnu/nios2-elf/lib/mhw-mulx/libc.a(lib_a-fvwrite.o)
                0x0000000000000eb8                __sfvwrite_r
 .text          0x0000000000001374        0x0 /opt/intelFPGA/18.1/nios2eds/bin/gnu/H-x86_64-pc-linux-gnu/bin/../lib/gcc/nios2-elf/5.3.0/../../../../../H-x86_64-pc-linux-gnu/nios2-elf/lib/mhw-mulx/libc.a(lib_a-fwalk.o)
 .text._fwalk   0x0000000000001374       0xc4 /opt/intelFPGA/18.1/nios2eds/bin/gnu/H-x86_64-pc-linux-gnu/bin/../lib/gcc/nios2-elf/5.3.0/../../../../../H-x86_64-pc-linux-gnu/nios2-elf/lib/mhw-mulx/libc.a(lib_a-fwalk.o)
                0x0000000000001374                _fwalk
 .text._fwalk_reent
                0x0000000000001438       0xc4 /opt/intelFPGA/18.1/nios2eds/bin/gnu/H-x86_64-pc-linux-gnu/bin/../lib/gcc/nios2-elf/5.3.0/../../../../../H-x86_64-pc-linux-gnu/nios2-elf/lib/mhw-mulx/libc.a(lib_a-fwalk.o)
                0x0000000000001438                _fwalk_reent
 .text          0x00000000000014fc        0x0 /opt/intelFPGA/18.1/nios2eds/bin/gnu/H-x86_64-pc-linux-gnu/bin/../lib/gcc/nios2-elf/5.3.0/../../../../../H-x86_64-pc-linux-gnu/nios2-elf/lib/mhw-mulx/libc.a(lib_a-impure.o)
 .text          0x00000000000014fc        0x0 /opt/intelFPGA/18.1/nios2eds/bin/gnu/H-x86_64-pc-linux-gnu/bin/../lib/gcc/nios2-elf/5.3.0/../../../../../H-x86_64-pc-linux-gnu/nios2-elf/lib/mhw-mulx/libc.a(lib_a-mallocr.o)
 .text._malloc_r
                0x00000000000014fc      0x80c /opt/intelFPGA/18.1/nios2eds/bin/gnu/H-x86_64-pc-linux-gnu/bin/../lib/gcc/nios2-elf/5.3.0/../../../../../H-x86_64-pc-linux-gnu/nios2-elf/lib/mhw-mulx/libc.a(lib_a-mallocr.o)
                0x00000000000014fc                _malloc_r
 .text          0x0000000000001d08        0x0 /opt/intelFPGA/18.1/nios2eds/bin/gnu/H-x86_64-pc-linux-gnu/bin/../lib/gcc/nios2-elf/5.3.0/../../../../../H-x86_64-pc-linux-gnu/nios2-elf/lib/mhw-mulx/libc.a(lib_a-memchr.o)
 .text.memchr   0x0000000000001d08       0xe4 /opt/intelFPGA/18.1/nios2eds/bin/gnu/H-x86_64-pc-linux-gnu/bin/../lib/gcc/nios2-elf/5.3.0/../../../../../H-x86_64-pc-linux-gnu/nios2-elf/lib/mhw-mulx/libc.a(lib_a-memchr.o)
                0x0000000000001d08                memchr
 .text          0x0000000000001dec        0x0 /opt/intelFPGA/18.1/nios2eds/bin/gnu/H-x86_64-pc-linux-gnu/bin/../lib/gcc/nios2-elf/5.3.0/../../../../../H-x86_64-pc-linux-gnu/nios2-elf/lib/mhw-mulx/libc.a(lib_a-memcpy.o)
 .text.memcpy   0x0000000000001dec      0x148 /opt/intelFPGA/18.1/nios2eds/bin/gnu/H-x86_64-pc-linux-gnu/bin/../lib/gcc/nios2-elf/5.3.0/../../../../../H-x86_64-pc-linux-gnu/nios2-elf/lib/mhw-mulx/libc.a(lib_a-memcpy.o)
                0x0000000000001dec                memcpy
 .text          0x0000000000001f34        0x0 /opt/intelFPGA/18.1/nios2eds/bin/gnu/H-x86_64-pc-linux-gnu/bin/../lib/gcc/nios2-elf/5.3.0/../../../../../H-x86_64-pc-linux-gnu/nios2-elf/lib/mhw-mulx/libc.a(lib_a-memmove.o)
 .text.memmove  0x0000000000001f34      0x15c /opt/intelFPGA/18.1/nios2eds/bin/gnu/H-x86_64-pc-linux-gnu/bin/../lib/gcc/nios2-elf/5.3.0/../../../../../H-x86_64-pc-linux-gnu/nios2-elf/lib/mhw-mulx/libc.a(lib_a-memmove.o)
                0x0000000000001f34                memmove
 .text          0x0000000000002090        0x0 /opt/intelFPGA/18.1/nios2eds/bin/gnu/H-x86_64-pc-linux-gnu/bin/../lib/gcc/nios2-elf/5.3.0/../../../../../H-x86_64-pc-linux-gnu/nios2-elf/lib/mhw-mulx/libc.a(lib_a-memset.o)
 .text.memset   0x0000000000002090      0x128 /opt/intelFPGA/18.1/nios2eds/bin/gnu/H-x86_64-pc-linux-gnu/bin/../lib/gcc/nios2-elf/5.3.0/../../../../../H-x86_64-pc-linux-gnu/nios2-elf/lib/mhw-mulx/libc.a(lib_a-memset.o)
                0x0000000000002090                memset
 .text          0x00000000000021b8        0x0 /opt/intelFPGA/18.1/nios2eds/bin/gnu/H-x86_64-pc-linux-gnu/bin/../lib/gcc/nios2-elf/5.3.0/../../../../../H-x86_64-pc-linux-gnu/nios2-elf/lib/mhw-mulx/libc.a(lib_a-reallocr.o)
 .text._realloc_r
                0x00000000000021b8      0x564 /opt/intelFPGA/18.1/nios2eds/bin/gnu/H-x86_64-pc-linux-gnu/bin/../lib/gcc/nios2-elf/5.3.0/../../../../../H-x86_64-pc-linux-gnu/nios2-elf/lib/mhw-mulx/libc.a(lib_a-reallocr.o)
                0x00000000000021b8                _realloc_r
 .text          0x000000000000271c        0x0 /opt/intelFPGA/18.1/nios2eds/bin/gnu/H-x86_64-pc-linux-gnu/bin/../lib/gcc/nios2-elf/5.3.0/../../../../../H-x86_64-pc-linux-gnu/nios2-elf/lib/mhw-mulx/libc.a(lib_a-sbrkr.o)
 .text._sbrk_r  0x000000000000271c       0x54 /opt/intelFPGA/18.1/nios2eds/bin/gnu/H-x86_64-pc-linux-gnu/bin/../lib/gcc/nios2-elf/5.3.0/../../../../../H-x86_64-pc-linux-gnu/nios2-elf/lib/mhw-mulx/libc.a(lib_a-sbrkr.o)
                0x000000000000271c                _sbrk_r
 .text          0x0000000000002770        0x0 /opt/intelFPGA/18.1/nios2eds/bin/gnu/H-x86_64-pc-linux-gnu/bin/../lib/gcc/nios2-elf/5.3.0/../../../../../H-x86_64-pc-linux-gnu/nios2-elf/lib/mhw-mulx/libc.a(lib_a-stdio.o)
 .text.__sread  0x0000000000002770       0x54 /opt/intelFPGA/18.1/nios2eds/bin/gnu/H-x86_64-pc-linux-gnu/bin/../lib/gcc/nios2-elf/5.3.0/../../../../../H-x86_64-pc-linux-gnu/nios2-elf/lib/mhw-mulx/libc.a(lib_a-stdio.o)
                0x0000000000002770                __sread
 .text.__seofread
                0x00000000000027c4        0x8 /opt/intelFPGA/18.1/nios2eds/bin/gnu/H-x86_64-pc-linux-gnu/bin/../lib/gcc/nios2-elf/5.3.0/../../../../../H-x86_64-pc-linux-gnu/nios2-elf/lib/mhw-mulx/libc.a(lib_a-stdio.o)
                0x00000000000027c4                __seofread
 .text.__swrite
                0x00000000000027cc       0x7c /opt/intelFPGA/18.1/nios2eds/bin/gnu/H-x86_64-pc-linux-gnu/bin/../lib/gcc/nios2-elf/5.3.0/../../../../../H-x86_64-pc-linux-gnu/nios2-elf/lib/mhw-mulx/libc.a(lib_a-stdio.o)
                0x00000000000027cc                __swrite
 .text.__sseek  0x0000000000002848       0x5c /opt/intelFPGA/18.1/nios2eds/bin/gnu/H-x86_64-pc-linux-gnu/bin/../lib/gcc/nios2-elf/5.3.0/../../../../../H-x86_64-pc-linux-gnu/nios2-elf/lib/mhw-mulx/libc.a(lib_a-stdio.o)
                0x0000000000002848                __sseek
 .text.__sclose
                0x00000000000028a4        0x8 /opt/intelFPGA/18.1/nios2eds/bin/gnu/H-x86_64-pc-linux-gnu/bin/../lib/gcc/nios2-elf/5.3.0/../../../../../H-x86_64-pc-linux-gnu/nios2-elf/lib/mhw-mulx/libc.a(lib_a-stdio.o)
                0x00000000000028a4                __sclose
 .text          0x00000000000028ac        0x0 /opt/intelFPGA/18.1/nios2eds/bin/gnu/H-x86_64-pc-linux-gnu/bin/../lib/gcc/nios2-elf/5.3.0/../../../../../H-x86_64-pc-linux-gnu/nios2-elf/lib/mhw-mulx/libc.a(lib_a-writer.o)
 .text._write_r
                0x00000000000028ac       0x60 /opt/intelFPGA/18.1/nios2eds/bin/gnu/H-x86_64-pc-linux-gnu/bin/../lib/gcc/nios2-elf/5.3.0/../../../../../H-x86_64-pc-linux-gnu/nios2-elf/lib/mhw-mulx/libc.a(lib_a-writer.o)
                0x00000000000028ac                _write_r
 .text          0x000000000000290c        0x0 /opt/intelFPGA/18.1/nios2eds/bin/gnu/H-x86_64-pc-linux-gnu/bin/../lib/gcc/nios2-elf/5.3.0/../../../../../H-x86_64-pc-linux-gnu/nios2-elf/lib/mhw-mulx/libc.a(lib_a-wsetup.o)
 .text.__swsetup_r
                0x000000000000290c      0x154 /opt/intelFPGA/18.1/nios2eds/bin/gnu/H-x86_64-pc-linux-gnu/bin/../lib/gcc/nios2-elf/5.3.0/../../../../../H-x86_64-pc-linux-gnu/nios2-elf/lib/mhw-mulx/libc.a(lib_a-wsetup.o)
                0x000000000000290c                __swsetup_r
 .text          0x0000000000002a60        0x0 /opt/intelFPGA/18.1/nios2eds/bin/gnu/H-x86_64-pc-linux-gnu/bin/../lib/gcc/nios2-elf/5.3.0/../../../../../H-x86_64-pc-linux-gnu/nios2-elf/lib/mhw-mulx/libc.a(closer.o)
 .text._close_r
                0x0000000000002a60       0x54 /opt/intelFPGA/18.1/nios2eds/bin/gnu/H-x86_64-pc-linux-gnu/bin/../lib/gcc/nios2-elf/5.3.0/../../../../../H-x86_64-pc-linux-gnu/nios2-elf/lib/mhw-mulx/libc.a(closer.o)
                0x0000000000002a60                _close_r
 .text          0x0000000000002ab4        0x0 /opt/intelFPGA/18.1/nios2eds/bin/gnu/H-x86_64-pc-linux-gnu/bin/../lib/gcc/nios2-elf/5.3.0/../../../../../H-x86_64-pc-linux-gnu/nios2-elf/lib/mhw-mulx/libc.a(lib_a-fclose.o)
 .text._fclose_r
                0x0000000000002ab4       0xf0 /opt/intelFPGA/18.1/nios2eds/bin/gnu/H-x86_64-pc-linux-gnu/bin/../lib/gcc/nios2-elf/5.3.0/../../../../../H-x86_64-pc-linux-gnu/nios2-elf/lib/mhw-mulx/libc.a(lib_a-fclose.o)
                0x0000000000002ab4                _fclose_r
 .text.fclose   0x0000000000002ba4       0x14 /opt/intelFPGA/18.1/nios2eds/bin/gnu/H-x86_64-pc-linux-gnu/bin/../lib/gcc/nios2-elf/5.3.0/../../../../../H-x86_64-pc-linux-gnu/nios2-elf/lib/mhw-mulx/libc.a(lib_a-fclose.o)
                0x0000000000002ba4                fclose
 .text          0x0000000000002bb8        0x0 /opt/intelFPGA/18.1/nios2eds/bin/gnu/H-x86_64-pc-linux-gnu/bin/../lib/gcc/nios2-elf/5.3.0/../../../../../H-x86_64-pc-linux-gnu/nios2-elf/lib/mhw-mulx/libc.a(lib_a-fflush.o)
 .text.__sflush_r
                0x0000000000002bb8      0x21c /opt/intelFPGA/18.1/nios2eds/bin/gnu/H-x86_64-pc-linux-gnu/bin/../lib/gcc/nios2-elf/5.3.0/../../../../../H-x86_64-pc-linux-gnu/nios2-elf/lib/mhw-mulx/libc.a(lib_a-fflush.o)
                0x0000000000002bb8                __sflush_r
 .text._fflush_r
                0x0000000000002dd4       0x5c /opt/intelFPGA/18.1/nios2eds/bin/gnu/H-x86_64-pc-linux-gnu/bin/../lib/gcc/nios2-elf/5.3.0/../../../../../H-x86_64-pc-linux-gnu/nios2-elf/lib/mhw-mulx/libc.a(lib_a-fflush.o)
                0x0000000000002dd4                _fflush_r
 .text.fflush   0x0000000000002e30       0x30 /opt/intelFPGA/18.1/nios2eds/bin/gnu/H-x86_64-pc-linux-gnu/bin/../lib/gcc/nios2-elf/5.3.0/../../../../../H-x86_64-pc-linux-gnu/nios2-elf/lib/mhw-mulx/libc.a(lib_a-fflush.o)
                0x0000000000002e30                fflush
 .text          0x0000000000002e60        0x0 /opt/intelFPGA/18.1/nios2eds/bin/gnu/H-x86_64-pc-linux-gnu/bin/../lib/gcc/nios2-elf/5.3.0/../../../../../H-x86_64-pc-linux-gnu/nios2-elf/lib/mhw-mulx/libc.a(lib_a-freer.o)
 .text._malloc_trim_r
                0x0000000000002e60      0x124 /opt/intelFPGA/18.1/nios2eds/bin/gnu/H-x86_64-pc-linux-gnu/bin/../lib/gcc/nios2-elf/5.3.0/../../../../../H-x86_64-pc-linux-gnu/nios2-elf/lib/mhw-mulx/libc.a(lib_a-freer.o)
                0x0000000000002e60                _malloc_trim_r
 .text._free_r  0x0000000000002f84      0x310 /opt/intelFPGA/18.1/nios2eds/bin/gnu/H-x86_64-pc-linux-gnu/bin/../lib/gcc/nios2-elf/5.3.0/../../../../../H-x86_64-pc-linux-gnu/nios2-elf/lib/mhw-mulx/libc.a(lib_a-freer.o)
                0x0000000000002f84                _free_r
 .text          0x0000000000003294        0x0 /opt/intelFPGA/18.1/nios2eds/bin/gnu/H-x86_64-pc-linux-gnu/bin/../lib/gcc/nios2-elf/5.3.0/../../../../../H-x86_64-pc-linux-gnu/nios2-elf/lib/mhw-mulx/libc.a(lib_a-int_errno.o)
 .text          0x0000000000003294        0x0 /opt/intelFPGA/18.1/nios2eds/bin/gnu/H-x86_64-pc-linux-gnu/bin/../lib/gcc/nios2-elf/5.3.0/../../../../../H-x86_64-pc-linux-gnu/nios2-elf/lib/mhw-mulx/libc.a(lib_a-lseekr.o)
 .text._lseek_r
                0x0000000000003294       0x60 /opt/intelFPGA/18.1/nios2eds/bin/gnu/H-x86_64-pc-linux-gnu/bin/../lib/gcc/nios2-elf/5.3.0/../../../../../H-x86_64-pc-linux-gnu/nios2-elf/lib/mhw-mulx/libc.a(lib_a-lseekr.o)
                0x0000000000003294                _lseek_r
 .text          0x00000000000032f4        0x0 /opt/intelFPGA/18.1/nios2eds/bin/gnu/H-x86_64-pc-linux-gnu/bin/../lib/gcc/nios2-elf/5.3.0/../../../../../H-x86_64-pc-linux-gnu/nios2-elf/lib/mhw-mulx/libc.a(lib_a-makebuf.o)
 .text.__smakebuf_r
                0x00000000000032f4      0x1bc /opt/intelFPGA/18.1/nios2eds/bin/gnu/H-x86_64-pc-linux-gnu/bin/../lib/gcc/nios2-elf/5.3.0/../../../../../H-x86_64-pc-linux-gnu/nios2-elf/lib/mhw-mulx/libc.a(lib_a-makebuf.o)
                0x00000000000032f4                __smakebuf_r
 .text          0x00000000000034b0        0x0 /opt/intelFPGA/18.1/nios2eds/bin/gnu/H-x86_64-pc-linux-gnu/bin/../lib/gcc/nios2-elf/5.3.0/../../../../../H-x86_64-pc-linux-gnu/nios2-elf/lib/mhw-mulx/libc.a(lib_a-readr.o)
 .text._read_r  0x00000000000034b0       0x60 /opt/intelFPGA/18.1/nios2eds/bin/gnu/H-x86_64-pc-linux-gnu/bin/../lib/gcc/nios2-elf/5.3.0/../../../../../H-x86_64-pc-linux-gnu/nios2-elf/lib/mhw-mulx/libc.a(lib_a-readr.o)
                0x00000000000034b0                _read_r
 .text          0x0000000000003510        0x0 /opt/intelFPGA/18.1/nios2eds/bin/gnu/H-x86_64-pc-linux-gnu/bin/../lib/gcc/nios2-elf/5.3.0/../../../../../H-x86_64-pc-linux-gnu/nios2-elf/lib/mhw-mulx/libc.a(lib_a-fstatr.o)
 .text._fstat_r
                0x0000000000003510       0x5c /opt/intelFPGA/18.1/nios2eds/bin/gnu/H-x86_64-pc-linux-gnu/bin/../lib/gcc/nios2-elf/5.3.0/../../../../../H-x86_64-pc-linux-gnu/nios2-elf/lib/mhw-mulx/libc.a(lib_a-fstatr.o)
                0x0000000000003510                _fstat_r
 .text          0x000000000000356c        0x0 /opt/intelFPGA/18.1/nios2eds/bin/gnu/H-x86_64-pc-linux-gnu/bin/../lib/gcc/nios2-elf/5.3.0/../../../../../H-x86_64-pc-linux-gnu/nios2-elf/lib/mhw-mulx/libc.a(lib_a-isattyr.o)
 .text._isatty_r
                0x000000000000356c       0x54 /opt/intelFPGA/18.1/nios2eds/bin/gnu/H-x86_64-pc-linux-gnu/bin/../lib/gcc/nios2-elf/5.3.0/../../../../../H-x86_64-pc-linux-gnu/nios2-elf/lib/mhw-mulx/libc.a(lib_a-isattyr.o)
                0x000000000000356c                _isatty_r
 .text          0x00000000000035c0      0x1b4 /opt/intelFPGA/18.1/nios2eds/bin/gnu/H-x86_64-pc-linux-gnu/bin/../lib/gcc/nios2-elf/5.3.0/mhw-mulx/libgcc.a(lib2-divmod.o)
                0x00000000000035c0                __divsi3
                0x0000000000003644                __modsi3
                0x00000000000036b8                __udivsi3
                0x000000000000371c                __umodsi3
 .text          0x0000000000003774      0x10c ../ucos2nios2_bsp//libucosii_bsp.a(alt_close.o)
                0x00000000000037b0                close
 .text          0x0000000000003880       0x2c ../ucos2nios2_bsp//libucosii_bsp.a(alt_dev.o)
 .text          0x00000000000038ac        0x0 ../ucos2nios2_bsp//libucosii_bsp.a(alt_errno.o)
 .text          0x00000000000038ac       0xec ../ucos2nios2_bsp//libucosii_bsp.a(alt_fstat.o)
                0x00000000000038e8                fstat
 .text          0x0000000000003998       0xe0 ../ucos2nios2_bsp//libucosii_bsp.a(alt_isatty.o)
                0x00000000000039d4                isatty
 .text          0x0000000000003a78       0xec ../ucos2nios2_bsp//libucosii_bsp.a(alt_load.o)
                0x0000000000003ae0                alt_load
 .text          0x0000000000003b64      0x110 ../ucos2nios2_bsp//libucosii_bsp.a(alt_lseek.o)
                0x0000000000003ba0                lseek
 .text          0x0000000000003c74       0xbc ../ucos2nios2_bsp//libucosii_bsp.a(alt_main.o)
                0x0000000000003c74                alt_main
 .text          0x0000000000003d30      0x138 ../ucos2nios2_bsp//libucosii_bsp.a(alt_read.o)
                0x0000000000003d6c                read
 .text          0x0000000000003e68       0x64 ../ucos2nios2_bsp//libucosii_bsp.a(alt_release_fd.o)
                0x0000000000003e68                alt_release_fd
 .text          0x0000000000003ecc       0xb0 ../ucos2nios2_bsp//libucosii_bsp.a(alt_sbrk.o)
                0x0000000000003ecc                sbrk
 .text          0x0000000000003f7c      0x134 ../ucos2nios2_bsp//libucosii_bsp.a(alt_write.o)
                0x0000000000003fb8                write
 .text          0x00000000000040b0      0x124 ../ucos2nios2_bsp//libucosii_bsp.a(alt_env_lock.o)
                0x00000000000040b0                __env_lock
                0x0000000000004174                __env_unlock
 .text          0x00000000000041d4      0x1ec ../ucos2nios2_bsp//libucosii_bsp.a(alt_malloc_lock.o)
                0x00000000000041d4                __malloc_lock
                0x00000000000042f4                __malloc_unlock
 .text          0x00000000000043c0     0x2024 ../ucos2nios2_bsp//libucosii_bsp.a(os_core.o)
                0x00000000000043c0                OSEventNameGet
                0x00000000000044e0                OSEventNameSet
                0x0000000000004620                OSEventPendMulti
                0x0000000000004c30                OSInit
                0x0000000000004c88                OSIntEnter
                0x0000000000004cd4                OSIntExit
                0x0000000000004dcc                OSSchedLock
                0x0000000000004e58                OSSchedUnlock
                0x0000000000004f34                OSStart
                0x0000000000004fa4                OSStatInit
                0x0000000000005054                OSTimeTick
                0x0000000000005274                OSVersion
                0x0000000000005294                OS_Dummy
                0x00000000000052b4                OS_EventTaskRdy
                0x000000000000544c                OS_EventTaskWait
                0x000000000000555c                OS_EventTaskWaitMulti
                0x00000000000056ac                OS_EventTaskRemove
                0x0000000000005764                OS_EventTaskRemoveMulti
                0x0000000000005864                OS_EventWaitListInit
                0x0000000000005c44                OS_MemClr
                0x0000000000005c98                OS_MemCopy
                0x0000000000005d00                OS_Sched
                0x0000000000005e44                OS_StrCopy
                0x0000000000005eb8                OS_StrLen
                0x0000000000005f0c                OS_TaskIdle
                0x0000000000005f68                OS_TaskStat
                0x0000000000006044                OS_TaskStatStkChk
                0x0000000000006110                OS_TCBInit
 .text          0x00000000000063e4      0x190 ../ucos2nios2_bsp//libucosii_bsp.a(os_dbg.o)
                0x00000000000063e4                OSDebugInit
 .text          0x0000000000006574     0x1714 ../ucos2nios2_bsp//libucosii_bsp.a(os_flag.o)
                0x0000000000006574                OSFlagAccept
                0x000000000000687c                OSFlagCreate
                0x0000000000006984                OSFlagDel
                0x0000000000006bcc                OSFlagNameGet
                0x0000000000006cf4                OSFlagNameSet
                0x0000000000006e40                OSFlagPend
                0x00000000000073f8                OSFlagPendGetFlagsRdy
                0x0000000000007458                OSFlagPost
                0x00000000000077ec                OSFlagQuery
                0x0000000000007a10                OS_FlagInit
                0x0000000000007be4                OS_FlagUnlink
 .text          0x0000000000007c88      0x754 ../ucos2nios2_bsp//libucosii_bsp.a(os_mem.o)
                0x0000000000007c88                OSMemCreate
                0x0000000000007e5c                OSMemGet
                0x0000000000007f4c                OSMemNameGet
                0x000000000000803c                OSMemNameSet
                0x0000000000008150                OSMemPut
                0x0000000000008228                OSMemQuery
                0x0000000000008310                OS_MemInit
 .text          0x00000000000083dc     0x1104 ../ucos2nios2_bsp//libucosii_bsp.a(os_q.o)
                0x00000000000083dc                OSQAccept
                0x000000000000851c                OSQCreate
                0x00000000000086c8                OSQDel
                0x0000000000008948                OSQFlush
                0x0000000000008a00                OSQPend
                0x0000000000008c8c                OSQPendAbort
                0x0000000000008df8                OSQPost
                0x0000000000008f60                OSQPostFront
                0x00000000000090d0                OSQPostOpt
                0x00000000000092dc                OSQQuery
                0x0000000000009438                OS_QInit
 .text          0x00000000000094e0      0xa60 ../ucos2nios2_bsp//libucosii_bsp.a(os_sem.o)
                0x00000000000094e0                OSSemAccept
                0x0000000000009590                OSSemCreate
                0x0000000000009668                OSSemDel
                0x00000000000098a8                OSSemPend
                0x0000000000009ab4                OSSemPendAbort
                0x0000000000009c20                OSSemPost
                0x0000000000009d30                OSSemQuery
                0x0000000000009e40                OSSemSet
 .text          0x0000000000009f40     0x176c ../ucos2nios2_bsp//libucosii_bsp.a(os_task.o)
                0x0000000000009f40                OSTaskChangePrio
                0x000000000000a430                OSTaskCreate
                0x000000000000a5dc                OSTaskCreateExt
                0x000000000000a7c0                OSTaskDel
                0x000000000000ab04                OSTaskDelReq
                0x000000000000ac54                OSTaskNameGet
                0x000000000000adec                OSTaskNameSet
                0x000000000000afa0                OSTaskResume
                0x000000000000b174                OSTaskStkChk
                0x000000000000b334                OSTaskSuspend
                0x000000000000b518                OSTaskQuery
                0x000000000000b63c                OS_TaskStkClr
 .text          0x000000000000b6ac      0x4f4 ../ucos2nios2_bsp//libucosii_bsp.a(os_time.o)
                0x000000000000b6ac                OSTimeDly
                0x000000000000b7b0                OSTimeDlyHMSM
                0x000000000000b910                OSTimeDlyResume
                0x000000000000bae4                OSTimeGet
                0x000000000000bb40                OSTimeSet
 .text          0x000000000000bba0      0x9d8 ../ucos2nios2_bsp//libucosii_bsp.a(alt_sys_init.o)
                0x000000000000bbd4                alt_irq_init
                0x000000000000bc0c                alt_sys_init
 .text          0x000000000000c578      0x164 ../ucos2nios2_bsp//libucosii_bsp.a(altera_avalon_jtag_uart_fd.o)
                0x000000000000c578                altera_avalon_jtag_uart_read_fd
                0x000000000000c5d8                altera_avalon_jtag_uart_write_fd
                0x000000000000c638                altera_avalon_jtag_uart_close_fd
                0x000000000000c688                altera_avalon_jtag_uart_ioctl_fd
 .text          0x000000000000c6dc      0x550 ../ucos2nios2_bsp//libucosii_bsp.a(altera_avalon_jtag_uart_init.o)
                0x000000000000c6dc                altera_avalon_jtag_uart_init
                0x000000000000cbc4                altera_avalon_jtag_uart_close
 .text          0x000000000000cc2c       0xf0 ../ucos2nios2_bsp//libucosii_bsp.a(altera_avalon_jtag_uart_ioctl.o)
                0x000000000000cc2c                altera_avalon_jtag_uart_ioctl
 .text          0x000000000000cd1c      0x2bc ../ucos2nios2_bsp//libucosii_bsp.a(altera_avalon_jtag_uart_read.o)
                0x000000000000cd1c                altera_avalon_jtag_uart_read
 .text          0x000000000000cfd8      0x2c4 ../ucos2nios2_bsp//libucosii_bsp.a(altera_avalon_jtag_uart_write.o)
                0x000000000000cfd8                altera_avalon_jtag_uart_write
 .text          0x000000000000d29c       0xf0 ../ucos2nios2_bsp//libucosii_bsp.a(altera_avalon_timer_sc.o)
                0x000000000000d318                alt_avalon_timer_sc_init
 .text          0x000000000000d38c      0x4f4 ../ucos2nios2_bsp//libucosii_bsp.a(altera_up_avalon_character_lcd.o)
                0x000000000000d38c                get_DDRAM_addr
                0x000000000000d400                alt_up_character_lcd_send_cmd
                0x000000000000d440                alt_up_character_lcd_init
                0x000000000000d478                alt_up_character_lcd_open_dev
                0x000000000000d4b4                alt_up_character_lcd_write
                0x000000000000d530                alt_up_character_lcd_string
                0x000000000000d5a8                alt_up_character_lcd_write_fd
                0x000000000000d5f8                alt_up_character_lcd_set_cursor_pos
                0x000000000000d66c                alt_up_character_lcd_shift_cursor
                0x000000000000d6f8                alt_up_character_lcd_shift_display
                0x000000000000d784                alt_up_character_lcd_erase_pos
                0x000000000000d810                alt_up_character_lcd_cursor_off
                0x000000000000d848                alt_up_character_lcd_cursor_blink_on
 .text          0x000000000000d880      0x38c ../ucos2nios2_bsp//libucosii_bsp.a(altera_up_avalon_irda.o)
                0x000000000000d880                alt_up_irda_enable_read_interrupt
                0x000000000000d8dc                alt_up_irda_disable_read_interrupt
                0x000000000000d93c                alt_up_irda_get_used_space_in_read_FIFO
                0x000000000000d97c                alt_up_irda_get_available_space_in_write_FIFO
                0x000000000000d9b8                alt_up_irda_check_parity
                0x000000000000d9fc                alt_up_irda_write_data
                0x000000000000da3c                alt_up_irda_read_data
                0x000000000000dab0                alt_up_irda_read_fd
                0x000000000000db40                alt_up_irda_write_fd
                0x000000000000dbd0                alt_up_irda_open_dev
 .text          0x000000000000dc0c      0x6b0 ../ucos2nios2_bsp//libucosii_bsp.a(altera_up_avalon_ps2.o)
                0x000000000000dc0c                read_RI_bit
                0x000000000000dc40                read_RE_bit
                0x000000000000dc70                read_CE_bit
                0x000000000000dca4                read_num_bytes_available
                0x000000000000dcd4                read_data_valid
                0x000000000000dd08                read_data_byte
                0x000000000000dd34                alt_up_ps2_init
                0x000000000000ddfc                alt_up_ps2_enable_read_interrupt
                0x000000000000de58                alt_up_ps2_disable_read_interrupt
                0x000000000000deb8                alt_up_ps2_write_data_byte
                0x000000000000df2c                alt_up_ps2_wait_for_ack
                0x000000000000df94                alt_up_ps2_write_data_byte_with_ack
                0x000000000000dff8                alt_up_ps2_read_data_byte_timeout
                0x000000000000e094                alt_up_ps2_read_data_byte
                0x000000000000e104                alt_up_ps2_clear_fifo
                0x000000000000e15c                alt_up_ps2_read_fd
                0x000000000000e1e8                alt_up_ps2_write_fd
                0x000000000000e280                alt_up_ps2_open_dev
 .text          0x000000000000e2bc      0x390 ../ucos2nios2_bsp//libucosii_bsp.a(altera_up_avalon_rs232.o)
                0x000000000000e2bc                alt_up_rs232_enable_read_interrupt
                0x000000000000e318                alt_up_rs232_disable_read_interrupt
                0x000000000000e378                alt_up_rs232_get_used_space_in_read_FIFO
                0x000000000000e3b8                alt_up_rs232_get_available_space_in_write_FIFO
                0x000000000000e3f4                alt_up_rs232_check_parity
                0x000000000000e438                alt_up_rs232_write_data
                0x000000000000e478                alt_up_rs232_read_data
                0x000000000000e4ec                alt_up_rs232_read_fd
                0x000000000000e57c                alt_up_rs232_write_fd
                0x000000000000e610                alt_up_rs232_open_dev
 .text          0x000000000000e64c      0x12c ../ucos2nios2_bsp//libucosii_bsp.a(alt_alarm_start.o)
                0x000000000000e64c                alt_alarm_start
 .text          0x000000000000e778       0x20 ../ucos2nios2_bsp//libucosii_bsp.a(alt_dcache_flush_all.o)
                0x000000000000e778                alt_dcache_flush_all
 .text          0x000000000000e798       0xe0 ../ucos2nios2_bsp//libucosii_bsp.a(alt_dev_llist_insert.o)
                0x000000000000e7d4                alt_dev_llist_insert
 .text          0x000000000000e878       0x60 ../ucos2nios2_bsp//libucosii_bsp.a(alt_do_ctors.o)
                0x000000000000e878                _do_ctors
 .text          0x000000000000e8d8       0x60 ../ucos2nios2_bsp//libucosii_bsp.a(alt_do_dtors.o)
                0x000000000000e8d8                _do_dtors
 .text          0x000000000000e938       0x90 ../ucos2nios2_bsp//libucosii_bsp.a(alt_find_dev.o)
                0x000000000000e938                alt_find_dev
 .text          0x000000000000e9c8       0x34 ../ucos2nios2_bsp//libucosii_bsp.a(alt_icache_flush_all.o)
                0x000000000000e9c8                alt_icache_flush_all
 .text          0x000000000000e9fc      0x140 ../ucos2nios2_bsp//libucosii_bsp.a(alt_io_redirect.o)
                0x000000000000eac0                alt_io_redirect
 .text          0x000000000000eb3c      0x180 ../ucos2nios2_bsp//libucosii_bsp.a(alt_irq_register.o)
                0x000000000000eb3c                alt_irq_register
 .text          0x000000000000ecbc        0x0 ../ucos2nios2_bsp//libucosii_bsp.a(alt_irq_vars.o)
 .text          0x000000000000ecbc      0x254 ../ucos2nios2_bsp//libucosii_bsp.a(alt_open.o)
                0x000000000000edbc                open
 .text          0x000000000000ef10      0x1a4 ../ucos2nios2_bsp//libucosii_bsp.a(alt_tick.o)
                0x000000000000ef10                alt_alarm_stop
                0x000000000000efac                alt_tick
 .text          0x000000000000f0b4       0x24 ../ucos2nios2_bsp//libucosii_bsp.a(altera_nios2_gen2_irq.o)
                0x000000000000f0b4                altera_nios2_gen2_irq_init
 .text          0x000000000000f0d8       0xd0 ../ucos2nios2_bsp//libucosii_bsp.a(os_cpu_a.o)
                0x000000000000f0d8                OSCtxSw
                0x000000000000f0d8                OSIntCtxSw
                0x000000000000f164                OSStartHighRdy
                0x000000000000f184                OSStartTsk
 .text          0x000000000000f1a8      0x288 ../ucos2nios2_bsp//libucosii_bsp.a(os_cpu_c.o)
                0x000000000000f1a8                OSTaskStkInit
                0x000000000000f304                OSTaskCreateHook
                0x000000000000f328                OSTaskDelHook
                0x000000000000f34c                OSTaskSwHook
                0x000000000000f36c                OSTaskStatHook
                0x000000000000f38c                OSTimeTickHook
                0x000000000000f3ac                OSInitHookBegin
                0x000000000000f3cc                OSInitHookEnd
                0x000000000000f3ec                OSTaskIdleHook
                0x000000000000f40c                OSTCBInitHook
 .text          0x000000000000f430      0x108 ../ucos2nios2_bsp//libucosii_bsp.a(alt_find_file.o)
                0x000000000000f430                alt_find_file
 .text          0x000000000000f538       0xdc ../ucos2nios2_bsp//libucosii_bsp.a(alt_get_fd.o)
                0x000000000000f538                alt_get_fd
 .text          0x000000000000f614       0x90 ../ucos2nios2_bsp//libucosii_bsp.a(alt_icache_flush.o)
                0x000000000000f614                alt_icache_flush
 .text          0x000000000000f6a4        0x0 ../ucos2nios2_bsp//libucosii_bsp.a(alt_irq_entry.o)
 .text          0x000000000000f6a4        0x0 ../ucos2nios2_bsp//libucosii_bsp.a(alt_irq_handler.o)
 .text          0x000000000000f6a4        0x0 ../ucos2nios2_bsp//libucosii_bsp.a(alt_exception_entry.o)
 .text          0x000000000000f6a4       0x9c ../ucos2nios2_bsp//libucosii_bsp.a(alt_instruction_exception_entry.o)
                0x000000000000f6a4                alt_exception_cause_generated_bad_addr
 .text          0x000000000000f740        0x0 /opt/intelFPGA/18.1/nios2eds/bin/gnu/H-x86_64-pc-linux-gnu/bin/../lib/gcc/nios2-elf/5.3.0/../../../../../H-x86_64-pc-linux-gnu/nios2-elf/lib/mhw-mulx/libc.a(lib_a-atexit.o)
 .text.atexit   0x000000000000f740       0x14 /opt/intelFPGA/18.1/nios2eds/bin/gnu/H-x86_64-pc-linux-gnu/bin/../lib/gcc/nios2-elf/5.3.0/../../../../../H-x86_64-pc-linux-gnu/nios2-elf/lib/mhw-mulx/libc.a(lib_a-atexit.o)
                0x000000000000f740                atexit
 .text          0x000000000000f754        0x0 /opt/intelFPGA/18.1/nios2eds/bin/gnu/H-x86_64-pc-linux-gnu/bin/../lib/gcc/nios2-elf/5.3.0/../../../../../H-x86_64-pc-linux-gnu/nios2-elf/lib/mhw-mulx/libc.a(lib_a-exit.o)
 .text.exit     0x000000000000f754       0x38 /opt/intelFPGA/18.1/nios2eds/bin/gnu/H-x86_64-pc-linux-gnu/bin/../lib/gcc/nios2-elf/5.3.0/../../../../../H-x86_64-pc-linux-gnu/nios2-elf/lib/mhw-mulx/libc.a(lib_a-exit.o)
                0x000000000000f754                exit
 .text          0x000000000000f78c        0x0 /opt/intelFPGA/18.1/nios2eds/bin/gnu/H-x86_64-pc-linux-gnu/bin/../lib/gcc/nios2-elf/5.3.0/../../../../../H-x86_64-pc-linux-gnu/nios2-elf/lib/mhw-mulx/libc.a(lib_a-memcmp.o)
 .text.memcmp   0x000000000000f78c       0x7c /opt/intelFPGA/18.1/nios2eds/bin/gnu/H-x86_64-pc-linux-gnu/bin/../lib/gcc/nios2-elf/5.3.0/../../../../../H-x86_64-pc-linux-gnu/nios2-elf/lib/mhw-mulx/libc.a(lib_a-memcmp.o)
                0x000000000000f78c                memcmp
 .text          0x000000000000f808        0x0 /opt/intelFPGA/18.1/nios2eds/bin/gnu/H-x86_64-pc-linux-gnu/bin/../lib/gcc/nios2-elf/5.3.0/../../../../../H-x86_64-pc-linux-gnu/nios2-elf/lib/mhw-mulx/libc.a(lib_a-__atexit.o)
 .text.__register_exitproc
                0x000000000000f808      0x118 /opt/intelFPGA/18.1/nios2eds/bin/gnu/H-x86_64-pc-linux-gnu/bin/../lib/gcc/nios2-elf/5.3.0/../../../../../H-x86_64-pc-linux-gnu/nios2-elf/lib/mhw-mulx/libc.a(lib_a-__atexit.o)
                0x000000000000f808                __register_exitproc
 .text          0x000000000000f920        0x0 /opt/intelFPGA/18.1/nios2eds/bin/gnu/H-x86_64-pc-linux-gnu/bin/../lib/gcc/nios2-elf/5.3.0/../../../../../H-x86_64-pc-linux-gnu/nios2-elf/lib/mhw-mulx/libc.a(lib_a-__call_atexit.o)
 .text.__call_exitprocs
                0x000000000000f920      0x180 /opt/intelFPGA/18.1/nios2eds/bin/gnu/H-x86_64-pc-linux-gnu/bin/../lib/gcc/nios2-elf/5.3.0/../../../../../H-x86_64-pc-linux-gnu/nios2-elf/lib/mhw-mulx/libc.a(lib_a-__call_atexit.o)
                0x000000000000f920                __call_exitprocs
 .text          0x000000000000faa0       0x34 ../ucos2nios2_bsp//libucosii_bsp.a(alt_exit.o)
                0x000000000000faa0                _exit
 *(.gnu.warning.*)
 *(.fini)
                [!provide]                        PROVIDE (__etext, ABSOLUTE (.))
                [!provide]                        PROVIDE (_etext, ABSOLUTE (.))
                [!provide]                        PROVIDE (etext, ABSOLUTE (.))
 *(.eh_frame_hdr)
                0x000000000000fad4                . = ALIGN (0x4)
                [!provide]                        PROVIDE (__preinit_array_start, ABSOLUTE (.))
 *(.preinit_array)
                [!provide]                        PROVIDE (__preinit_array_end, ABSOLUTE (.))
                [!provide]                        PROVIDE (__init_array_start, ABSOLUTE (.))
 *(.init_array)
                [!provide]                        PROVIDE (__init_array_end, ABSOLUTE (.))
                [!provide]                        PROVIDE (__fini_array_start, ABSOLUTE (.))
 *(.fini_array)
                [!provide]                        PROVIDE (__fini_array_end, ABSOLUTE (.))
 *(.eh_frame)
 *(.gcc_except_table .gcc_except_table.*)
 *(.dynamic)
                0x000000000000fad4                PROVIDE (__CTOR_LIST__, ABSOLUTE (.))
 *(.ctors)
 *(SORT(.ctors.*))
                0x000000000000fad4                PROVIDE (__CTOR_END__, ABSOLUTE (.))
                0x000000000000fad4                PROVIDE (__DTOR_LIST__, ABSOLUTE (.))
 *(.dtors)
 *(SORT(.dtors.*))
                0x000000000000fad4                PROVIDE (__DTOR_END__, ABSOLUTE (.))
 *(.jcr)
                0x000000000000fad4                . = ALIGN (0x4)

.rodata         0x000000000000fad4      0x594
                0x000000000000fad4                PROVIDE (__ram_rodata_start, ABSOLUTE (.))
                0x000000000000fad4                . = ALIGN (0x4)
 *(.rodata .rodata.* .gnu.linkonce.r.*)
 .rodata        0x000000000000fad4      0x2ef obj/default/hello_ucosii.o
                0x000000000000fad4                lut_num
 *fill*         0x000000000000fdc3        0x1 
 .rodata.str1.4
                0x000000000000fdc4        0x2 /opt/intelFPGA/18.1/nios2eds/bin/gnu/H-x86_64-pc-linux-gnu/bin/../lib/gcc/nios2-elf/5.3.0/../../../../../H-x86_64-pc-linux-gnu/nios2-elf/lib/mhw-mulx/libc.a(lib_a-puts.o)
 *fill*         0x000000000000fdc6        0x2 
 .rodata.str1.4
                0x000000000000fdc8        0x4 /opt/intelFPGA/18.1/nios2eds/bin/gnu/H-x86_64-pc-linux-gnu/bin/../lib/gcc/nios2-elf/5.3.0/../../../../../H-x86_64-pc-linux-gnu/nios2-elf/lib/mhw-mulx/libc.a(lib_a-impure.o)
                                          0x2 (size before relaxing)
 .rodata        0x000000000000fdcc        0xa ../ucos2nios2_bsp//libucosii_bsp.a(alt_dev.o)
 *fill*         0x000000000000fdd6        0x2 
 .rodata        0x000000000000fdd8        0xf ../ucos2nios2_bsp//libucosii_bsp.a(alt_main.o)
 *fill*         0x000000000000fde7        0x1 
 .rodata        0x000000000000fde8      0x11e ../ucos2nios2_bsp//libucosii_bsp.a(os_core.o)
                0x000000000000fde8                OSUnMapTbl
 *fill*         0x000000000000ff06        0x2 
 .rodata        0x000000000000ff08      0x159 ../ucos2nios2_bsp//libucosii_bsp.a(alt_sys_init.o)
 *fill*         0x0000000000010061        0x3 
 .rodata        0x0000000000010064        0x2 ../ucos2nios2_bsp//libucosii_bsp.a(os_cpu_c.o)
 *(.rodata1)
                0x0000000000010068                . = ALIGN (0x4)
 *fill*         0x0000000000010066        0x2 
                0x0000000000010068                PROVIDE (__ram_rodata_end, ABSOLUTE (.))
                0x000000000000fad4                PROVIDE (__flash_rodata_start, LOADADDR (.rodata))

.rwdata         0x0000000000010068     0x1e00 load address 0x0000000000011e68
                0x0000000000010068                PROVIDE (__ram_rwdata_start, ABSOLUTE (.))
                0x0000000000010068                . = ALIGN (0x4)
 *(.got.plt)
 *(.got)
 *(.data1)
 *(.data .data.* .gnu.linkonce.d.*)
 .data          0x0000000000010068        0x0 ../ucos2nios2_bsp//obj/HAL/src/crt0.o
 .data          0x0000000000010068        0x0 obj/default/hello_ucosii.o
 .data          0x0000000000010068        0x0 /opt/intelFPGA/18.1/nios2eds/bin/gnu/H-x86_64-pc-linux-gnu/bin/../lib/gcc/nios2-elf/5.3.0/../../../../../H-x86_64-pc-linux-gnu/nios2-elf/lib/mhw-mulx/libc.a(lib_a-puts.o)
 .data          0x0000000000010068        0x0 /opt/intelFPGA/18.1/nios2eds/bin/gnu/H-x86_64-pc-linux-gnu/bin/../lib/gcc/nios2-elf/5.3.0/../../../../../H-x86_64-pc-linux-gnu/nios2-elf/lib/mhw-mulx/libc.a(lib_a-strlen.o)
 .data          0x0000000000010068        0x0 /opt/intelFPGA/18.1/nios2eds/bin/gnu/H-x86_64-pc-linux-gnu/bin/../lib/gcc/nios2-elf/5.3.0/../../../../../H-x86_64-pc-linux-gnu/nios2-elf/lib/mhw-mulx/libc.a(lib_a-findfp.o)
 .data          0x0000000000010068        0x0 /opt/intelFPGA/18.1/nios2eds/bin/gnu/H-x86_64-pc-linux-gnu/bin/../lib/gcc/nios2-elf/5.3.0/../../../../../H-x86_64-pc-linux-gnu/nios2-elf/lib/mhw-mulx/libc.a(lib_a-fvwrite.o)
 .data          0x0000000000010068        0x0 /opt/intelFPGA/18.1/nios2eds/bin/gnu/H-x86_64-pc-linux-gnu/bin/../lib/gcc/nios2-elf/5.3.0/../../../../../H-x86_64-pc-linux-gnu/nios2-elf/lib/mhw-mulx/libc.a(lib_a-fwalk.o)
 .data          0x0000000000010068        0x0 /opt/intelFPGA/18.1/nios2eds/bin/gnu/H-x86_64-pc-linux-gnu/bin/../lib/gcc/nios2-elf/5.3.0/../../../../../H-x86_64-pc-linux-gnu/nios2-elf/lib/mhw-mulx/libc.a(lib_a-impure.o)
 .data.impure_data
                0x0000000000010068      0x424 /opt/intelFPGA/18.1/nios2eds/bin/gnu/H-x86_64-pc-linux-gnu/bin/../lib/gcc/nios2-elf/5.3.0/../../../../../H-x86_64-pc-linux-gnu/nios2-elf/lib/mhw-mulx/libc.a(lib_a-impure.o)
 .data          0x000000000001048c        0x0 /opt/intelFPGA/18.1/nios2eds/bin/gnu/H-x86_64-pc-linux-gnu/bin/../lib/gcc/nios2-elf/5.3.0/../../../../../H-x86_64-pc-linux-gnu/nios2-elf/lib/mhw-mulx/libc.a(lib_a-mallocr.o)
 .data.__malloc_av_
                0x000000000001048c      0x408 /opt/intelFPGA/18.1/nios2eds/bin/gnu/H-x86_64-pc-linux-gnu/bin/../lib/gcc/nios2-elf/5.3.0/../../../../../H-x86_64-pc-linux-gnu/nios2-elf/lib/mhw-mulx/libc.a(lib_a-mallocr.o)
                0x000000000001048c                __malloc_av_
 .data          0x0000000000010894        0x0 /opt/intelFPGA/18.1/nios2eds/bin/gnu/H-x86_64-pc-linux-gnu/bin/../lib/gcc/nios2-elf/5.3.0/../../../../../H-x86_64-pc-linux-gnu/nios2-elf/lib/mhw-mulx/libc.a(lib_a-memchr.o)
 .data          0x0000000000010894        0x0 /opt/intelFPGA/18.1/nios2eds/bin/gnu/H-x86_64-pc-linux-gnu/bin/../lib/gcc/nios2-elf/5.3.0/../../../../../H-x86_64-pc-linux-gnu/nios2-elf/lib/mhw-mulx/libc.a(lib_a-memcpy.o)
 .data          0x0000000000010894        0x0 /opt/intelFPGA/18.1/nios2eds/bin/gnu/H-x86_64-pc-linux-gnu/bin/../lib/gcc/nios2-elf/5.3.0/../../../../../H-x86_64-pc-linux-gnu/nios2-elf/lib/mhw-mulx/libc.a(lib_a-memmove.o)
 .data          0x0000000000010894        0x0 /opt/intelFPGA/18.1/nios2eds/bin/gnu/H-x86_64-pc-linux-gnu/bin/../lib/gcc/nios2-elf/5.3.0/../../../../../H-x86_64-pc-linux-gnu/nios2-elf/lib/mhw-mulx/libc.a(lib_a-memset.o)
 .data          0x0000000000010894        0x0 /opt/intelFPGA/18.1/nios2eds/bin/gnu/H-x86_64-pc-linux-gnu/bin/../lib/gcc/nios2-elf/5.3.0/../../../../../H-x86_64-pc-linux-gnu/nios2-elf/lib/mhw-mulx/libc.a(lib_a-reallocr.o)
 .data          0x0000000000010894        0x0 /opt/intelFPGA/18.1/nios2eds/bin/gnu/H-x86_64-pc-linux-gnu/bin/../lib/gcc/nios2-elf/5.3.0/../../../../../H-x86_64-pc-linux-gnu/nios2-elf/lib/mhw-mulx/libc.a(lib_a-sbrkr.o)
 .data          0x0000000000010894        0x0 /opt/intelFPGA/18.1/nios2eds/bin/gnu/H-x86_64-pc-linux-gnu/bin/../lib/gcc/nios2-elf/5.3.0/../../../../../H-x86_64-pc-linux-gnu/nios2-elf/lib/mhw-mulx/libc.a(lib_a-stdio.o)
 .data          0x0000000000010894        0x0 /opt/intelFPGA/18.1/nios2eds/bin/gnu/H-x86_64-pc-linux-gnu/bin/../lib/gcc/nios2-elf/5.3.0/../../../../../H-x86_64-pc-linux-gnu/nios2-elf/lib/mhw-mulx/libc.a(lib_a-writer.o)
 .data          0x0000000000010894        0x0 /opt/intelFPGA/18.1/nios2eds/bin/gnu/H-x86_64-pc-linux-gnu/bin/../lib/gcc/nios2-elf/5.3.0/../../../../../H-x86_64-pc-linux-gnu/nios2-elf/lib/mhw-mulx/libc.a(lib_a-wsetup.o)
 .data          0x0000000000010894        0x0 /opt/intelFPGA/18.1/nios2eds/bin/gnu/H-x86_64-pc-linux-gnu/bin/../lib/gcc/nios2-elf/5.3.0/../../../../../H-x86_64-pc-linux-gnu/nios2-elf/lib/mhw-mulx/libc.a(closer.o)
 .data          0x0000000000010894        0x0 /opt/intelFPGA/18.1/nios2eds/bin/gnu/H-x86_64-pc-linux-gnu/bin/../lib/gcc/nios2-elf/5.3.0/../../../../../H-x86_64-pc-linux-gnu/nios2-elf/lib/mhw-mulx/libc.a(lib_a-fclose.o)
 .data          0x0000000000010894        0x0 /opt/intelFPGA/18.1/nios2eds/bin/gnu/H-x86_64-pc-linux-gnu/bin/../lib/gcc/nios2-elf/5.3.0/../../../../../H-x86_64-pc-linux-gnu/nios2-elf/lib/mhw-mulx/libc.a(lib_a-fflush.o)
 .data          0x0000000000010894        0x0 /opt/intelFPGA/18.1/nios2eds/bin/gnu/H-x86_64-pc-linux-gnu/bin/../lib/gcc/nios2-elf/5.3.0/../../../../../H-x86_64-pc-linux-gnu/nios2-elf/lib/mhw-mulx/libc.a(lib_a-freer.o)
 .data          0x0000000000010894        0x0 /opt/intelFPGA/18.1/nios2eds/bin/gnu/H-x86_64-pc-linux-gnu/bin/../lib/gcc/nios2-elf/5.3.0/../../../../../H-x86_64-pc-linux-gnu/nios2-elf/lib/mhw-mulx/libc.a(lib_a-int_errno.o)
 .data          0x0000000000010894        0x0 /opt/intelFPGA/18.1/nios2eds/bin/gnu/H-x86_64-pc-linux-gnu/bin/../lib/gcc/nios2-elf/5.3.0/../../../../../H-x86_64-pc-linux-gnu/nios2-elf/lib/mhw-mulx/libc.a(lib_a-lseekr.o)
 .data          0x0000000000010894        0x0 /opt/intelFPGA/18.1/nios2eds/bin/gnu/H-x86_64-pc-linux-gnu/bin/../lib/gcc/nios2-elf/5.3.0/../../../../../H-x86_64-pc-linux-gnu/nios2-elf/lib/mhw-mulx/libc.a(lib_a-makebuf.o)
 .data          0x0000000000010894        0x0 /opt/intelFPGA/18.1/nios2eds/bin/gnu/H-x86_64-pc-linux-gnu/bin/../lib/gcc/nios2-elf/5.3.0/../../../../../H-x86_64-pc-linux-gnu/nios2-elf/lib/mhw-mulx/libc.a(lib_a-readr.o)
 .data          0x0000000000010894        0x0 /opt/intelFPGA/18.1/nios2eds/bin/gnu/H-x86_64-pc-linux-gnu/bin/../lib/gcc/nios2-elf/5.3.0/../../../../../H-x86_64-pc-linux-gnu/nios2-elf/lib/mhw-mulx/libc.a(lib_a-fstatr.o)
 .data          0x0000000000010894        0x0 /opt/intelFPGA/18.1/nios2eds/bin/gnu/H-x86_64-pc-linux-gnu/bin/../lib/gcc/nios2-elf/5.3.0/../../../../../H-x86_64-pc-linux-gnu/nios2-elf/lib/mhw-mulx/libc.a(lib_a-isattyr.o)
 .data          0x0000000000010894        0x0 /opt/intelFPGA/18.1/nios2eds/bin/gnu/H-x86_64-pc-linux-gnu/bin/../lib/gcc/nios2-elf/5.3.0/mhw-mulx/libgcc.a(lib2-divmod.o)
 .data          0x0000000000010894        0x0 ../ucos2nios2_bsp//libucosii_bsp.a(alt_close.o)
 .data          0x0000000000010894      0x1a8 ../ucos2nios2_bsp//libucosii_bsp.a(alt_dev.o)
                0x0000000000010894                alt_dev_null
                0x00000000000108bc                alt_fd_list
 .data          0x0000000000010a3c        0x0 ../ucos2nios2_bsp//libucosii_bsp.a(alt_errno.o)
 .data          0x0000000000010a3c        0x0 ../ucos2nios2_bsp//libucosii_bsp.a(alt_fstat.o)
 .data          0x0000000000010a3c        0x0 ../ucos2nios2_bsp//libucosii_bsp.a(alt_isatty.o)
 .data          0x0000000000010a3c        0x0 ../ucos2nios2_bsp//libucosii_bsp.a(alt_load.o)
 .data          0x0000000000010a3c        0x0 ../ucos2nios2_bsp//libucosii_bsp.a(alt_lseek.o)
 .data          0x0000000000010a3c        0x0 ../ucos2nios2_bsp//libucosii_bsp.a(alt_main.o)
 .data          0x0000000000010a3c        0x0 ../ucos2nios2_bsp//libucosii_bsp.a(alt_read.o)
 .data          0x0000000000010a3c        0x0 ../ucos2nios2_bsp//libucosii_bsp.a(alt_release_fd.o)
 .data          0x0000000000010a3c        0x0 ../ucos2nios2_bsp//libucosii_bsp.a(alt_sbrk.o)
 .data          0x0000000000010a3c        0x0 ../ucos2nios2_bsp//libucosii_bsp.a(alt_write.o)
 .data          0x0000000000010a3c        0x0 ../ucos2nios2_bsp//libucosii_bsp.a(alt_env_lock.o)
 .data          0x0000000000010a3c        0x0 ../ucos2nios2_bsp//libucosii_bsp.a(alt_malloc_lock.o)
 .data          0x0000000000010a3c        0x0 ../ucos2nios2_bsp//libucosii_bsp.a(os_core.o)
 .data          0x0000000000010a3c        0x0 ../ucos2nios2_bsp//libucosii_bsp.a(os_dbg.o)
 .data          0x0000000000010a3c        0x0 ../ucos2nios2_bsp//libucosii_bsp.a(os_flag.o)
 .data          0x0000000000010a3c        0x0 ../ucos2nios2_bsp//libucosii_bsp.a(os_mem.o)
 .data          0x0000000000010a3c        0x0 ../ucos2nios2_bsp//libucosii_bsp.a(os_q.o)
 .data          0x0000000000010a3c        0x0 ../ucos2nios2_bsp//libucosii_bsp.a(os_sem.o)
 .data          0x0000000000010a3c        0x0 ../ucos2nios2_bsp//libucosii_bsp.a(os_task.o)
 .data          0x0000000000010a3c        0x0 ../ucos2nios2_bsp//libucosii_bsp.a(os_time.o)
 .data          0x0000000000010a3c     0x1378 ../ucos2nios2_bsp//libucosii_bsp.a(alt_sys_init.o)
 .data          0x0000000000011db4        0x0 ../ucos2nios2_bsp//libucosii_bsp.a(altera_avalon_jtag_uart_fd.o)
 .data          0x0000000000011db4        0x0 ../ucos2nios2_bsp//libucosii_bsp.a(altera_avalon_jtag_uart_init.o)
 .data          0x0000000000011db4        0x0 ../ucos2nios2_bsp//libucosii_bsp.a(altera_avalon_jtag_uart_ioctl.o)
 .data          0x0000000000011db4        0x0 ../ucos2nios2_bsp//libucosii_bsp.a(altera_avalon_jtag_uart_read.o)
 .data          0x0000000000011db4        0x0 ../ucos2nios2_bsp//libucosii_bsp.a(altera_avalon_jtag_uart_write.o)
 .data          0x0000000000011db4        0x0 ../ucos2nios2_bsp//libucosii_bsp.a(altera_avalon_timer_sc.o)
 .data          0x0000000000011db4        0x0 ../ucos2nios2_bsp//libucosii_bsp.a(altera_up_avalon_character_lcd.o)
 .data          0x0000000000011db4        0x0 ../ucos2nios2_bsp//libucosii_bsp.a(altera_up_avalon_irda.o)
 .data          0x0000000000011db4        0x0 ../ucos2nios2_bsp//libucosii_bsp.a(altera_up_avalon_ps2.o)
 .data          0x0000000000011db4        0x0 ../ucos2nios2_bsp//libucosii_bsp.a(altera_up_avalon_rs232.o)
 .data          0x0000000000011db4        0x0 ../ucos2nios2_bsp//libucosii_bsp.a(alt_alarm_start.o)
 .data          0x0000000000011db4        0x0 ../ucos2nios2_bsp//libucosii_bsp.a(alt_dcache_flush_all.o)
 .data          0x0000000000011db4        0x0 ../ucos2nios2_bsp//libucosii_bsp.a(alt_dev_llist_insert.o)
 .data          0x0000000000011db4        0x0 ../ucos2nios2_bsp//libucosii_bsp.a(alt_do_ctors.o)
 .data          0x0000000000011db4        0x0 ../ucos2nios2_bsp//libucosii_bsp.a(alt_do_dtors.o)
 .data          0x0000000000011db4        0x0 ../ucos2nios2_bsp//libucosii_bsp.a(alt_find_dev.o)
 .data          0x0000000000011db4        0x0 ../ucos2nios2_bsp//libucosii_bsp.a(alt_icache_flush_all.o)
 .data          0x0000000000011db4        0x0 ../ucos2nios2_bsp//libucosii_bsp.a(alt_io_redirect.o)
 .data          0x0000000000011db4        0x0 ../ucos2nios2_bsp//libucosii_bsp.a(alt_irq_register.o)
 .data          0x0000000000011db4        0x0 ../ucos2nios2_bsp//libucosii_bsp.a(alt_irq_vars.o)
 .data          0x0000000000011db4        0x0 ../ucos2nios2_bsp//libucosii_bsp.a(alt_open.o)
 .data          0x0000000000011db4        0x0 ../ucos2nios2_bsp//libucosii_bsp.a(alt_tick.o)
 .data          0x0000000000011db4        0x0 ../ucos2nios2_bsp//libucosii_bsp.a(altera_nios2_gen2_irq.o)
 .data          0x0000000000011db4        0x0 ../ucos2nios2_bsp//libucosii_bsp.a(os_cpu_a.o)
 .data          0x0000000000011db4        0x0 ../ucos2nios2_bsp//libucosii_bsp.a(os_cpu_c.o)
 .data          0x0000000000011db4        0x0 ../ucos2nios2_bsp//libucosii_bsp.a(alt_find_file.o)
 .data          0x0000000000011db4        0x0 ../ucos2nios2_bsp//libucosii_bsp.a(alt_get_fd.o)
 .data          0x0000000000011db4        0x0 ../ucos2nios2_bsp//libucosii_bsp.a(alt_icache_flush.o)
 .data          0x0000000000011db4        0x0 ../ucos2nios2_bsp//libucosii_bsp.a(alt_irq_entry.o)
 .data          0x0000000000011db4        0x0 ../ucos2nios2_bsp//libucosii_bsp.a(alt_irq_handler.o)
 .data          0x0000000000011db4        0x0 ../ucos2nios2_bsp//libucosii_bsp.a(alt_exception_entry.o)
 .data          0x0000000000011db4        0x0 ../ucos2nios2_bsp//libucosii_bsp.a(alt_instruction_exception_entry.o)
 .data          0x0000000000011db4        0x0 /opt/intelFPGA/18.1/nios2eds/bin/gnu/H-x86_64-pc-linux-gnu/bin/../lib/gcc/nios2-elf/5.3.0/../../../../../H-x86_64-pc-linux-gnu/nios2-elf/lib/mhw-mulx/libc.a(lib_a-atexit.o)
 .data          0x0000000000011db4        0x0 /opt/intelFPGA/18.1/nios2eds/bin/gnu/H-x86_64-pc-linux-gnu/bin/../lib/gcc/nios2-elf/5.3.0/../../../../../H-x86_64-pc-linux-gnu/nios2-elf/lib/mhw-mulx/libc.a(lib_a-exit.o)
 .data          0x0000000000011db4        0x0 /opt/intelFPGA/18.1/nios2eds/bin/gnu/H-x86_64-pc-linux-gnu/bin/../lib/gcc/nios2-elf/5.3.0/../../../../../H-x86_64-pc-linux-gnu/nios2-elf/lib/mhw-mulx/libc.a(lib_a-memcmp.o)
 .data          0x0000000000011db4        0x0 /opt/intelFPGA/18.1/nios2eds/bin/gnu/H-x86_64-pc-linux-gnu/bin/../lib/gcc/nios2-elf/5.3.0/../../../../../H-x86_64-pc-linux-gnu/nios2-elf/lib/mhw-mulx/libc.a(lib_a-__atexit.o)
 .data          0x0000000000011db4        0x0 /opt/intelFPGA/18.1/nios2eds/bin/gnu/H-x86_64-pc-linux-gnu/bin/../lib/gcc/nios2-elf/5.3.0/../../../../../H-x86_64-pc-linux-gnu/nios2-elf/lib/mhw-mulx/libc.a(lib_a-__call_atexit.o)
 .data          0x0000000000011db4        0x0 ../ucos2nios2_bsp//libucosii_bsp.a(alt_exit.o)
                0x0000000000019db4                _gp = ABSOLUTE ((. + 0x8000))
                [!provide]                        PROVIDE (gp, _gp)
 *(.rwdata .rwdata.*)
 *(.sdata .sdata.* .gnu.linkonce.s.*)
 .sdata._global_impure_ptr
                0x0000000000011db4        0x4 /opt/intelFPGA/18.1/nios2eds/bin/gnu/H-x86_64-pc-linux-gnu/bin/../lib/gcc/nios2-elf/5.3.0/../../../../../H-x86_64-pc-linux-gnu/nios2-elf/lib/mhw-mulx/libc.a(lib_a-impure.o)
                0x0000000000011db4                _global_impure_ptr
 .sdata._impure_ptr
                0x0000000000011db8        0x4 /opt/intelFPGA/18.1/nios2eds/bin/gnu/H-x86_64-pc-linux-gnu/bin/../lib/gcc/nios2-elf/5.3.0/../../../../../H-x86_64-pc-linux-gnu/nios2-elf/lib/mhw-mulx/libc.a(lib_a-impure.o)
                0x0000000000011db8                _impure_ptr
 .sdata.__malloc_sbrk_base
                0x0000000000011dbc        0x4 /opt/intelFPGA/18.1/nios2eds/bin/gnu/H-x86_64-pc-linux-gnu/bin/../lib/gcc/nios2-elf/5.3.0/../../../../../H-x86_64-pc-linux-gnu/nios2-elf/lib/mhw-mulx/libc.a(lib_a-mallocr.o)
                0x0000000000011dbc                __malloc_sbrk_base
 .sdata.__malloc_trim_threshold
                0x0000000000011dc0        0x4 /opt/intelFPGA/18.1/nios2eds/bin/gnu/H-x86_64-pc-linux-gnu/bin/../lib/gcc/nios2-elf/5.3.0/../../../../../H-x86_64-pc-linux-gnu/nios2-elf/lib/mhw-mulx/libc.a(lib_a-mallocr.o)
                0x0000000000011dc0                __malloc_trim_threshold
 .sdata         0x0000000000011dc4       0x14 ../ucos2nios2_bsp//libucosii_bsp.a(alt_dev.o)
                0x0000000000011dc4                alt_fs_list
                0x0000000000011dcc                alt_dev_list
                0x0000000000011dd4                alt_max_fd
 .sdata         0x0000000000011dd8        0x4 ../ucos2nios2_bsp//libucosii_bsp.a(alt_errno.o)
                0x0000000000011dd8                alt_errno
 .sdata         0x0000000000011ddc        0x4 ../ucos2nios2_bsp//libucosii_bsp.a(alt_sbrk.o)
 .sdata         0x0000000000011de0        0x4 ../ucos2nios2_bsp//libucosii_bsp.a(alt_env_lock.o)
 .sdata         0x0000000000011de4        0x4 ../ucos2nios2_bsp//libucosii_bsp.a(alt_malloc_lock.o)
 .sdata         0x0000000000011de8       0x72 ../ucos2nios2_bsp//libucosii_bsp.a(os_dbg.o)
                0x0000000000011de8                OSDebugEn
                0x0000000000011dec                OSEndiannessTest
                0x0000000000011df0                OSEventEn
                0x0000000000011df2                OSEventMax
                0x0000000000011df4                OSEventNameSize
                0x0000000000011df6                OSEventSize
                0x0000000000011df8                OSEventTblSize
                0x0000000000011dfa                OSEventMultiEn
                0x0000000000011dfc                OSFlagEn
                0x0000000000011dfe                OSFlagGrpSize
                0x0000000000011e00                OSFlagNodeSize
                0x0000000000011e02                OSFlagWidth
                0x0000000000011e04                OSFlagMax
                0x0000000000011e06                OSFlagNameSize
                0x0000000000011e08                OSLowestPrio
                0x0000000000011e0a                OSMboxEn
                0x0000000000011e0c                OSMemEn
                0x0000000000011e0e                OSMemMax
                0x0000000000011e10                OSMemNameSize
                0x0000000000011e12                OSMemSize
                0x0000000000011e14                OSMemTblSize
                0x0000000000011e16                OSMutexEn
                0x0000000000011e18                OSPtrSize
                0x0000000000011e1a                OSQEn
                0x0000000000011e1c                OSQMax
                0x0000000000011e1e                OSQSize
                0x0000000000011e20                OSRdyTblSize
                0x0000000000011e22                OSSemEn
                0x0000000000011e24                OSStkWidth
                0x0000000000011e26                OSTaskCreateEn
                0x0000000000011e28                OSTaskCreateExtEn
                0x0000000000011e2a                OSTaskDelEn
                0x0000000000011e2c                OSTaskIdleStkSize
                0x0000000000011e2e                OSTaskProfileEn
                0x0000000000011e30                OSTaskMax
                0x0000000000011e32                OSTaskNameSize
                0x0000000000011e34                OSTaskStatEn
                0x0000000000011e36                OSTaskStatStkSize
                0x0000000000011e38                OSTaskStatStkChkEn
                0x0000000000011e3a                OSTaskSwHookEn
                0x0000000000011e3c                OSTCBPrioTblMax
                0x0000000000011e3e                OSTCBSize
                0x0000000000011e40                OSTicksPerSec
                0x0000000000011e42                OSTimeTickHookEn
                0x0000000000011e44                OSVersionNbr
                0x0000000000011e46                OSTmrEn
                0x0000000000011e48                OSTmrCfgMax
                0x0000000000011e4a                OSTmrCfgNameSize
                0x0000000000011e4c                OSTmrCfgWheelSize
                0x0000000000011e4e                OSTmrCfgTicksPerSec
                0x0000000000011e50                OSTmrSize
                0x0000000000011e52                OSTmrTblSize
                0x0000000000011e54                OSTmrWheelSize
                0x0000000000011e56                OSTmrWheelTblSize
                0x0000000000011e58                OSDataSize
 *fill*         0x0000000000011e5a        0x2 
 .sdata         0x0000000000011e5c        0x4 ../ucos2nios2_bsp//libucosii_bsp.a(alt_irq_vars.o)
                0x0000000000011e5c                alt_priority_mask
 .sdata         0x0000000000011e60        0x8 ../ucos2nios2_bsp//libucosii_bsp.a(alt_tick.o)
                0x0000000000011e60                alt_alarm_list
 *(.sdata2 .sdata2.* .gnu.linkonce.s2.*)
                0x0000000000011e68                . = ALIGN (0x4)
                0x0000000000011e68                _edata = ABSOLUTE (.)
                [!provide]                        PROVIDE (edata, ABSOLUTE (.))
                0x0000000000011e68                PROVIDE (__ram_rwdata_end, ABSOLUTE (.))
                0x0000000000011e68                PROVIDE (__flash_rwdata_start, LOADADDR (.rwdata))

.bss            0x0000000000013c68     0xb418
                0x0000000000013c68                __bss_start = ABSOLUTE (.)
                [!provide]                        PROVIDE (__sbss_start, ABSOLUTE (.))
                [!provide]                        PROVIDE (___sbss_start, ABSOLUTE (.))
 *(.dynsbss)
 *(.sbss .sbss.* .gnu.linkonce.sb.*)
 .sbss          0x0000000000013c68       0x3c obj/default/hello_ucosii.o
                0x0000000000013c68                time_SS
                0x0000000000013c6c                RUN_flag
                0x0000000000013c70                KEY2_flag
                0x0000000000013c74                time_125ms
                0x0000000000013c78                KEY_val
                0x0000000000013c7c                time_MM
                0x0000000000013c80                KEY1_flag
                0x0000000000013c84                KEY3_clear_stopwatch_flag
                0x0000000000013c88                counter
                0x0000000000013c8c                err
                0x0000000000013c90                KEY3_clear_counter_flag
                0x0000000000013c94                KEY0_flag
                0x0000000000013c98                DispSem
                0x0000000000013c9c                KeySem
                0x0000000000013ca0                stopwatch
 .sbss.__malloc_max_total_mem
                0x0000000000013ca4        0x4 /opt/intelFPGA/18.1/nios2eds/bin/gnu/H-x86_64-pc-linux-gnu/bin/../lib/gcc/nios2-elf/5.3.0/../../../../../H-x86_64-pc-linux-gnu/nios2-elf/lib/mhw-mulx/libc.a(lib_a-mallocr.o)
                0x0000000000013ca4                __malloc_max_total_mem
 .sbss.__malloc_max_sbrked_mem
                0x0000000000013ca8        0x4 /opt/intelFPGA/18.1/nios2eds/bin/gnu/H-x86_64-pc-linux-gnu/bin/../lib/gcc/nios2-elf/5.3.0/../../../../../H-x86_64-pc-linux-gnu/nios2-elf/lib/mhw-mulx/libc.a(lib_a-mallocr.o)
                0x0000000000013ca8                __malloc_max_sbrked_mem
 .sbss.__malloc_top_pad
                0x0000000000013cac        0x4 /opt/intelFPGA/18.1/nios2eds/bin/gnu/H-x86_64-pc-linux-gnu/bin/../lib/gcc/nios2-elf/5.3.0/../../../../../H-x86_64-pc-linux-gnu/nios2-elf/lib/mhw-mulx/libc.a(lib_a-mallocr.o)
                0x0000000000013cac                __malloc_top_pad
 .sbss          0x0000000000013cb0        0x4 /opt/intelFPGA/18.1/nios2eds/bin/gnu/H-x86_64-pc-linux-gnu/bin/../lib/gcc/nios2-elf/5.3.0/../../../../../H-x86_64-pc-linux-gnu/nios2-elf/lib/mhw-mulx/libc.a(lib_a-int_errno.o)
                0x0000000000013cb0                errno
 .sbss          0x0000000000013cb4        0x4 ../ucos2nios2_bsp//libucosii_bsp.a(alt_dev.o)
                0x0000000000013cb4                alt_fd_list_lock
 .sbss          0x0000000000013cb8        0xc ../ucos2nios2_bsp//libucosii_bsp.a(alt_main.o)
                0x0000000000013cb8                alt_argc
                0x0000000000013cbc                alt_argv
                0x0000000000013cc0                alt_envp
 .sbss          0x0000000000013cc4        0x8 ../ucos2nios2_bsp//libucosii_bsp.a(alt_env_lock.o)
                0x0000000000013cc8                alt_envsem
 .sbss          0x0000000000013ccc        0x8 ../ucos2nios2_bsp//libucosii_bsp.a(alt_malloc_lock.o)
                0x0000000000013cd0                alt_heapsem
 .sbss          0x0000000000013cd4       0x50 ../ucos2nios2_bsp//libucosii_bsp.a(os_core.o)
                0x0000000000013cd4                OSLockNesting
                0x0000000000013cd5                OSRunning
                0x0000000000013cd8                OSIdleCtr
                0x0000000000013cdc                OSPrioHighRdy
                0x0000000000013cdd                OSPrioCur
                0x0000000000013ce0                OSTCBList
                0x0000000000013ce4                OSTickStepState
                0x0000000000013ce8                OSCtxSwCtr
                0x0000000000013cec                OSIdleCtrMax
                0x0000000000013cf0                OSTCBFreeList
                0x0000000000013cf4                OSCPUUsage
                0x0000000000013cf5                OSTaskCtr
                0x0000000000013cf8                OSMemFreeList
                0x0000000000013cfc                OSTCBHighRdy
                0x0000000000013d00                OSQFreeList
                0x0000000000013d04                OSRdyGrp
                0x0000000000013d05                OSRdyTbl
                0x0000000000013d08                OSEventFreeList
                0x0000000000013d0c                OSIntNesting
                0x0000000000013d10                OSTCBCur
                0x0000000000013d14                OSTime
                0x0000000000013d18                OSFlagFreeList
                0x0000000000013d1c                OSStatRdy
                0x0000000000013d20                OSIdleCtrRun
 .sbss          0x0000000000013d24        0x4 ../ucos2nios2_bsp//libucosii_bsp.a(alt_irq_vars.o)
                0x0000000000013d24                alt_irq_active
 .sbss          0x0000000000013d28        0x8 ../ucos2nios2_bsp//libucosii_bsp.a(alt_tick.o)
                0x0000000000013d28                _alt_tick_rate
                0x0000000000013d2c                _alt_nticks
 .sbss          0x0000000000013d30        0x4 ../ucos2nios2_bsp//libucosii_bsp.a(alt_instruction_exception_entry.o)
                0x0000000000013d30                alt_instruction_exception_handler
 *(.sbss2 .sbss2.* .gnu.linkonce.sb2.*)
 *(.scommon)
                [!provide]                        PROVIDE (__sbss_end, ABSOLUTE (.))
                [!provide]                        PROVIDE (___sbss_end, ABSOLUTE (.))
 *(.dynbss)
 *(.bss .bss.* .gnu.linkonce.b.*)
 .bss           0x0000000000013d34        0x0 ../ucos2nios2_bsp//obj/HAL/src/crt0.o
 .bss           0x0000000000013d34        0x0 obj/default/hello_ucosii.o
 .bss           0x0000000000013d34        0x0 /opt/intelFPGA/18.1/nios2eds/bin/gnu/H-x86_64-pc-linux-gnu/bin/../lib/gcc/nios2-elf/5.3.0/../../../../../H-x86_64-pc-linux-gnu/nios2-elf/lib/mhw-mulx/libc.a(lib_a-puts.o)
 .bss           0x0000000000013d34        0x0 /opt/intelFPGA/18.1/nios2eds/bin/gnu/H-x86_64-pc-linux-gnu/bin/../lib/gcc/nios2-elf/5.3.0/../../../../../H-x86_64-pc-linux-gnu/nios2-elf/lib/mhw-mulx/libc.a(lib_a-strlen.o)
 .bss           0x0000000000013d34        0x0 /opt/intelFPGA/18.1/nios2eds/bin/gnu/H-x86_64-pc-linux-gnu/bin/../lib/gcc/nios2-elf/5.3.0/../../../../../H-x86_64-pc-linux-gnu/nios2-elf/lib/mhw-mulx/libc.a(lib_a-findfp.o)
 .bss           0x0000000000013d34        0x0 /opt/intelFPGA/18.1/nios2eds/bin/gnu/H-x86_64-pc-linux-gnu/bin/../lib/gcc/nios2-elf/5.3.0/../../../../../H-x86_64-pc-linux-gnu/nios2-elf/lib/mhw-mulx/libc.a(lib_a-fvwrite.o)
 .bss           0x0000000000013d34        0x0 /opt/intelFPGA/18.1/nios2eds/bin/gnu/H-x86_64-pc-linux-gnu/bin/../lib/gcc/nios2-elf/5.3.0/../../../../../H-x86_64-pc-linux-gnu/nios2-elf/lib/mhw-mulx/libc.a(lib_a-fwalk.o)
 .bss           0x0000000000013d34        0x0 /opt/intelFPGA/18.1/nios2eds/bin/gnu/H-x86_64-pc-linux-gnu/bin/../lib/gcc/nios2-elf/5.3.0/../../../../../H-x86_64-pc-linux-gnu/nios2-elf/lib/mhw-mulx/libc.a(lib_a-impure.o)
 .bss           0x0000000000013d34        0x0 /opt/intelFPGA/18.1/nios2eds/bin/gnu/H-x86_64-pc-linux-gnu/bin/../lib/gcc/nios2-elf/5.3.0/../../../../../H-x86_64-pc-linux-gnu/nios2-elf/lib/mhw-mulx/libc.a(lib_a-mallocr.o)
 .bss.__malloc_current_mallinfo
                0x0000000000013d34       0x28 /opt/intelFPGA/18.1/nios2eds/bin/gnu/H-x86_64-pc-linux-gnu/bin/../lib/gcc/nios2-elf/5.3.0/../../../../../H-x86_64-pc-linux-gnu/nios2-elf/lib/mhw-mulx/libc.a(lib_a-mallocr.o)
                0x0000000000013d34                __malloc_current_mallinfo
 .bss           0x0000000000013d5c        0x0 /opt/intelFPGA/18.1/nios2eds/bin/gnu/H-x86_64-pc-linux-gnu/bin/../lib/gcc/nios2-elf/5.3.0/../../../../../H-x86_64-pc-linux-gnu/nios2-elf/lib/mhw-mulx/libc.a(lib_a-memchr.o)
 .bss           0x0000000000013d5c        0x0 /opt/intelFPGA/18.1/nios2eds/bin/gnu/H-x86_64-pc-linux-gnu/bin/../lib/gcc/nios2-elf/5.3.0/../../../../../H-x86_64-pc-linux-gnu/nios2-elf/lib/mhw-mulx/libc.a(lib_a-memcpy.o)
 .bss           0x0000000000013d5c        0x0 /opt/intelFPGA/18.1/nios2eds/bin/gnu/H-x86_64-pc-linux-gnu/bin/../lib/gcc/nios2-elf/5.3.0/../../../../../H-x86_64-pc-linux-gnu/nios2-elf/lib/mhw-mulx/libc.a(lib_a-memmove.o)
 .bss           0x0000000000013d5c        0x0 /opt/intelFPGA/18.1/nios2eds/bin/gnu/H-x86_64-pc-linux-gnu/bin/../lib/gcc/nios2-elf/5.3.0/../../../../../H-x86_64-pc-linux-gnu/nios2-elf/lib/mhw-mulx/libc.a(lib_a-memset.o)
 .bss           0x0000000000013d5c        0x0 /opt/intelFPGA/18.1/nios2eds/bin/gnu/H-x86_64-pc-linux-gnu/bin/../lib/gcc/nios2-elf/5.3.0/../../../../../H-x86_64-pc-linux-gnu/nios2-elf/lib/mhw-mulx/libc.a(lib_a-reallocr.o)
 .bss           0x0000000000013d5c        0x0 /opt/intelFPGA/18.1/nios2eds/bin/gnu/H-x86_64-pc-linux-gnu/bin/../lib/gcc/nios2-elf/5.3.0/../../../../../H-x86_64-pc-linux-gnu/nios2-elf/lib/mhw-mulx/libc.a(lib_a-sbrkr.o)
 .bss           0x0000000000013d5c        0x0 /opt/intelFPGA/18.1/nios2eds/bin/gnu/H-x86_64-pc-linux-gnu/bin/../lib/gcc/nios2-elf/5.3.0/../../../../../H-x86_64-pc-linux-gnu/nios2-elf/lib/mhw-mulx/libc.a(lib_a-stdio.o)
 .bss           0x0000000000013d5c        0x0 /opt/intelFPGA/18.1/nios2eds/bin/gnu/H-x86_64-pc-linux-gnu/bin/../lib/gcc/nios2-elf/5.3.0/../../../../../H-x86_64-pc-linux-gnu/nios2-elf/lib/mhw-mulx/libc.a(lib_a-writer.o)
 .bss           0x0000000000013d5c        0x0 /opt/intelFPGA/18.1/nios2eds/bin/gnu/H-x86_64-pc-linux-gnu/bin/../lib/gcc/nios2-elf/5.3.0/../../../../../H-x86_64-pc-linux-gnu/nios2-elf/lib/mhw-mulx/libc.a(lib_a-wsetup.o)
 .bss           0x0000000000013d5c        0x0 /opt/intelFPGA/18.1/nios2eds/bin/gnu/H-x86_64-pc-linux-gnu/bin/../lib/gcc/nios2-elf/5.3.0/../../../../../H-x86_64-pc-linux-gnu/nios2-elf/lib/mhw-mulx/libc.a(closer.o)
 .bss           0x0000000000013d5c        0x0 /opt/intelFPGA/18.1/nios2eds/bin/gnu/H-x86_64-pc-linux-gnu/bin/../lib/gcc/nios2-elf/5.3.0/../../../../../H-x86_64-pc-linux-gnu/nios2-elf/lib/mhw-mulx/libc.a(lib_a-fclose.o)
 .bss           0x0000000000013d5c        0x0 /opt/intelFPGA/18.1/nios2eds/bin/gnu/H-x86_64-pc-linux-gnu/bin/../lib/gcc/nios2-elf/5.3.0/../../../../../H-x86_64-pc-linux-gnu/nios2-elf/lib/mhw-mulx/libc.a(lib_a-fflush.o)
 .bss           0x0000000000013d5c        0x0 /opt/intelFPGA/18.1/nios2eds/bin/gnu/H-x86_64-pc-linux-gnu/bin/../lib/gcc/nios2-elf/5.3.0/../../../../../H-x86_64-pc-linux-gnu/nios2-elf/lib/mhw-mulx/libc.a(lib_a-freer.o)
 .bss           0x0000000000013d5c        0x0 /opt/intelFPGA/18.1/nios2eds/bin/gnu/H-x86_64-pc-linux-gnu/bin/../lib/gcc/nios2-elf/5.3.0/../../../../../H-x86_64-pc-linux-gnu/nios2-elf/lib/mhw-mulx/libc.a(lib_a-int_errno.o)
 .bss           0x0000000000013d5c        0x0 /opt/intelFPGA/18.1/nios2eds/bin/gnu/H-x86_64-pc-linux-gnu/bin/../lib/gcc/nios2-elf/5.3.0/../../../../../H-x86_64-pc-linux-gnu/nios2-elf/lib/mhw-mulx/libc.a(lib_a-lseekr.o)
 .bss           0x0000000000013d5c        0x0 /opt/intelFPGA/18.1/nios2eds/bin/gnu/H-x86_64-pc-linux-gnu/bin/../lib/gcc/nios2-elf/5.3.0/../../../../../H-x86_64-pc-linux-gnu/nios2-elf/lib/mhw-mulx/libc.a(lib_a-makebuf.o)
 .bss           0x0000000000013d5c        0x0 /opt/intelFPGA/18.1/nios2eds/bin/gnu/H-x86_64-pc-linux-gnu/bin/../lib/gcc/nios2-elf/5.3.0/../../../../../H-x86_64-pc-linux-gnu/nios2-elf/lib/mhw-mulx/libc.a(lib_a-readr.o)
 .bss           0x0000000000013d5c        0x0 /opt/intelFPGA/18.1/nios2eds/bin/gnu/H-x86_64-pc-linux-gnu/bin/../lib/gcc/nios2-elf/5.3.0/../../../../../H-x86_64-pc-linux-gnu/nios2-elf/lib/mhw-mulx/libc.a(lib_a-fstatr.o)
 .bss           0x0000000000013d5c        0x0 /opt/intelFPGA/18.1/nios2eds/bin/gnu/H-x86_64-pc-linux-gnu/bin/../lib/gcc/nios2-elf/5.3.0/../../../../../H-x86_64-pc-linux-gnu/nios2-elf/lib/mhw-mulx/libc.a(lib_a-isattyr.o)
 .bss           0x0000000000013d5c        0x0 /opt/intelFPGA/18.1/nios2eds/bin/gnu/H-x86_64-pc-linux-gnu/bin/../lib/gcc/nios2-elf/5.3.0/mhw-mulx/libgcc.a(lib2-divmod.o)
 .bss           0x0000000000013d5c        0x0 ../ucos2nios2_bsp//libucosii_bsp.a(alt_close.o)
 .bss           0x0000000000013d5c        0x0 ../ucos2nios2_bsp//libucosii_bsp.a(alt_dev.o)
 .bss           0x0000000000013d5c        0x0 ../ucos2nios2_bsp//libucosii_bsp.a(alt_errno.o)
 .bss           0x0000000000013d5c        0x0 ../ucos2nios2_bsp//libucosii_bsp.a(alt_fstat.o)
 .bss           0x0000000000013d5c        0x0 ../ucos2nios2_bsp//libucosii_bsp.a(alt_isatty.o)
 .bss           0x0000000000013d5c        0x0 ../ucos2nios2_bsp//libucosii_bsp.a(alt_load.o)
 .bss           0x0000000000013d5c        0x0 ../ucos2nios2_bsp//libucosii_bsp.a(alt_lseek.o)
 .bss           0x0000000000013d5c        0x0 ../ucos2nios2_bsp//libucosii_bsp.a(alt_main.o)
 .bss           0x0000000000013d5c        0x0 ../ucos2nios2_bsp//libucosii_bsp.a(alt_read.o)
 .bss           0x0000000000013d5c        0x0 ../ucos2nios2_bsp//libucosii_bsp.a(alt_release_fd.o)
 .bss           0x0000000000013d5c        0x0 ../ucos2nios2_bsp//libucosii_bsp.a(alt_sbrk.o)
 .bss           0x0000000000013d5c        0x0 ../ucos2nios2_bsp//libucosii_bsp.a(alt_write.o)
 .bss           0x0000000000013d5c        0x0 ../ucos2nios2_bsp//libucosii_bsp.a(alt_env_lock.o)
 .bss           0x0000000000013d5c        0x0 ../ucos2nios2_bsp//libucosii_bsp.a(alt_malloc_lock.o)
 .bss           0x0000000000013d5c        0x0 ../ucos2nios2_bsp//libucosii_bsp.a(os_core.o)
 .bss           0x0000000000013d5c        0x0 ../ucos2nios2_bsp//libucosii_bsp.a(os_dbg.o)
 .bss           0x0000000000013d5c        0x0 ../ucos2nios2_bsp//libucosii_bsp.a(os_flag.o)
 .bss           0x0000000000013d5c        0x0 ../ucos2nios2_bsp//libucosii_bsp.a(os_mem.o)
 .bss           0x0000000000013d5c        0x0 ../ucos2nios2_bsp//libucosii_bsp.a(os_q.o)
 .bss           0x0000000000013d5c        0x0 ../ucos2nios2_bsp//libucosii_bsp.a(os_sem.o)
 .bss           0x0000000000013d5c        0x0 ../ucos2nios2_bsp//libucosii_bsp.a(os_task.o)
 .bss           0x0000000000013d5c        0x0 ../ucos2nios2_bsp//libucosii_bsp.a(os_time.o)
 .bss           0x0000000000013d5c        0x0 ../ucos2nios2_bsp//libucosii_bsp.a(alt_sys_init.o)
 .bss           0x0000000000013d5c        0x0 ../ucos2nios2_bsp//libucosii_bsp.a(altera_avalon_jtag_uart_fd.o)
 .bss           0x0000000000013d5c        0x0 ../ucos2nios2_bsp//libucosii_bsp.a(altera_avalon_jtag_uart_init.o)
 .bss           0x0000000000013d5c        0x0 ../ucos2nios2_bsp//libucosii_bsp.a(altera_avalon_jtag_uart_ioctl.o)
 .bss           0x0000000000013d5c        0x0 ../ucos2nios2_bsp//libucosii_bsp.a(altera_avalon_jtag_uart_read.o)
 .bss           0x0000000000013d5c        0x0 ../ucos2nios2_bsp//libucosii_bsp.a(altera_avalon_jtag_uart_write.o)
 .bss           0x0000000000013d5c        0x0 ../ucos2nios2_bsp//libucosii_bsp.a(altera_avalon_timer_sc.o)
 .bss           0x0000000000013d5c        0x0 ../ucos2nios2_bsp//libucosii_bsp.a(altera_up_avalon_character_lcd.o)
 .bss           0x0000000000013d5c        0x0 ../ucos2nios2_bsp//libucosii_bsp.a(altera_up_avalon_irda.o)
 .bss           0x0000000000013d5c        0x0 ../ucos2nios2_bsp//libucosii_bsp.a(altera_up_avalon_ps2.o)
 .bss           0x0000000000013d5c        0x0 ../ucos2nios2_bsp//libucosii_bsp.a(altera_up_avalon_rs232.o)
 .bss           0x0000000000013d5c        0x0 ../ucos2nios2_bsp//libucosii_bsp.a(alt_alarm_start.o)
 .bss           0x0000000000013d5c        0x0 ../ucos2nios2_bsp//libucosii_bsp.a(alt_dcache_flush_all.o)
 .bss           0x0000000000013d5c        0x0 ../ucos2nios2_bsp//libucosii_bsp.a(alt_dev_llist_insert.o)
 .bss           0x0000000000013d5c        0x0 ../ucos2nios2_bsp//libucosii_bsp.a(alt_do_ctors.o)
 .bss           0x0000000000013d5c        0x0 ../ucos2nios2_bsp//libucosii_bsp.a(alt_do_dtors.o)
 .bss           0x0000000000013d5c        0x0 ../ucos2nios2_bsp//libucosii_bsp.a(alt_find_dev.o)
 .bss           0x0000000000013d5c        0x0 ../ucos2nios2_bsp//libucosii_bsp.a(alt_icache_flush_all.o)
 .bss           0x0000000000013d5c        0x0 ../ucos2nios2_bsp//libucosii_bsp.a(alt_io_redirect.o)
 .bss           0x0000000000013d5c        0x0 ../ucos2nios2_bsp//libucosii_bsp.a(alt_irq_register.o)
 .bss           0x0000000000013d5c        0x0 ../ucos2nios2_bsp//libucosii_bsp.a(alt_irq_vars.o)
 .bss           0x0000000000013d5c        0x0 ../ucos2nios2_bsp//libucosii_bsp.a(alt_open.o)
 .bss           0x0000000000013d5c        0x0 ../ucos2nios2_bsp//libucosii_bsp.a(alt_tick.o)
 .bss           0x0000000000013d5c        0x0 ../ucos2nios2_bsp//libucosii_bsp.a(altera_nios2_gen2_irq.o)
 .bss           0x0000000000013d5c        0x0 ../ucos2nios2_bsp//libucosii_bsp.a(os_cpu_a.o)
 .bss           0x0000000000013d5c        0x0 ../ucos2nios2_bsp//libucosii_bsp.a(os_cpu_c.o)
 .bss           0x0000000000013d5c        0x0 ../ucos2nios2_bsp//libucosii_bsp.a(alt_find_file.o)
 .bss           0x0000000000013d5c        0x0 ../ucos2nios2_bsp//libucosii_bsp.a(alt_get_fd.o)
 .bss           0x0000000000013d5c        0x0 ../ucos2nios2_bsp//libucosii_bsp.a(alt_icache_flush.o)
 .bss           0x0000000000013d5c        0x0 ../ucos2nios2_bsp//libucosii_bsp.a(alt_irq_entry.o)
 .bss           0x0000000000013d5c        0x0 ../ucos2nios2_bsp//libucosii_bsp.a(alt_irq_handler.o)
 .bss           0x0000000000013d5c        0x0 ../ucos2nios2_bsp//libucosii_bsp.a(alt_exception_entry.o)
 .bss           0x0000000000013d5c        0x0 ../ucos2nios2_bsp//libucosii_bsp.a(alt_instruction_exception_entry.o)
 .bss           0x0000000000013d5c        0x0 /opt/intelFPGA/18.1/nios2eds/bin/gnu/H-x86_64-pc-linux-gnu/bin/../lib/gcc/nios2-elf/5.3.0/../../../../../H-x86_64-pc-linux-gnu/nios2-elf/lib/mhw-mulx/libc.a(lib_a-atexit.o)
 .bss           0x0000000000013d5c        0x0 /opt/intelFPGA/18.1/nios2eds/bin/gnu/H-x86_64-pc-linux-gnu/bin/../lib/gcc/nios2-elf/5.3.0/../../../../../H-x86_64-pc-linux-gnu/nios2-elf/lib/mhw-mulx/libc.a(lib_a-exit.o)
 .bss           0x0000000000013d5c        0x0 /opt/intelFPGA/18.1/nios2eds/bin/gnu/H-x86_64-pc-linux-gnu/bin/../lib/gcc/nios2-elf/5.3.0/../../../../../H-x86_64-pc-linux-gnu/nios2-elf/lib/mhw-mulx/libc.a(lib_a-memcmp.o)
 .bss           0x0000000000013d5c        0x0 /opt/intelFPGA/18.1/nios2eds/bin/gnu/H-x86_64-pc-linux-gnu/bin/../lib/gcc/nios2-elf/5.3.0/../../../../../H-x86_64-pc-linux-gnu/nios2-elf/lib/mhw-mulx/libc.a(lib_a-__atexit.o)
 .bss           0x0000000000013d5c        0x0 /opt/intelFPGA/18.1/nios2eds/bin/gnu/H-x86_64-pc-linux-gnu/bin/../lib/gcc/nios2-elf/5.3.0/../../../../../H-x86_64-pc-linux-gnu/nios2-elf/lib/mhw-mulx/libc.a(lib_a-__call_atexit.o)
 .bss           0x0000000000013d5c        0x0 ../ucos2nios2_bsp//libucosii_bsp.a(alt_exit.o)
 *(COMMON)
 COMMON         0x0000000000013d5c     0x8000 obj/default/hello_ucosii.o
                0x0000000000013d5c                TaskScanKey_stk
                0x0000000000015d5c                TaskCounter_stk
                0x0000000000017d5c                TaskStopwatch_stk
                0x0000000000019d5c                TaskDispTime_stk
 COMMON         0x000000000001bd5c     0x3224 ../ucos2nios2_bsp//libucosii_bsp.a(os_core.o)
                0x000000000001bd5c                OSFlagTbl
                0x000000000001c0cc                OSMemTbl
                0x000000000001ccfc                OSTaskStatStk
                0x000000000001d4fc                OSQTbl
                0x000000000001d6dc                OSTaskIdleStk
                0x000000000001dedc                OSEventTbl
                0x000000000001ea1c                OSTCBTbl
                0x000000000001ef2c                OSTCBPrioTbl
 COMMON         0x000000000001ef80      0x100 ../ucos2nios2_bsp//libucosii_bsp.a(alt_irq_handler.o)
                0x000000000001ef80                alt_irq
                0x000000000001f080                . = ALIGN (0x4)
                0x000000000001f080                __bss_end = ABSOLUTE (.)

.SDRAM          0x000000000001f080        0x0
                [!provide]                        PROVIDE (_alt_partition_SDRAM_start, ABSOLUTE (.))
 *(.SDRAM .SDRAM. SDRAM.*)
                0x000000000001f080                . = ALIGN (0x4)
                [!provide]                        PROVIDE (_alt_partition_SDRAM_end, ABSOLUTE (.))
                0x000000000001f080                _end = ABSOLUTE (.)
                0x000000000001f080                end = ABSOLUTE (.)
                0x000000000001f080                __alt_stack_base = ABSOLUTE (.)
                [!provide]                        PROVIDE (_alt_partition_SDRAM_load_addr, LOADADDR (.SDRAM))

.VGA_Subsystem_Char_Buf_Subsystem_Onchip_SRAM
                0x0000000009000000        0x0 load address 0x000000000001f080
                [!provide]                        PROVIDE (_alt_partition_VGA_Subsystem_Char_Buf_Subsystem_Onchip_SRAM_start, ABSOLUTE (.))
 *(.VGA_Subsystem_Char_Buf_Subsystem_Onchip_SRAM .VGA_Subsystem_Char_Buf_Subsystem_Onchip_SRAM. VGA_Subsystem_Char_Buf_Subsystem_Onchip_SRAM.*)
                0x0000000009000000                . = ALIGN (0x4)
                [!provide]                        PROVIDE (_alt_partition_VGA_Subsystem_Char_Buf_Subsystem_Onchip_SRAM_end, ABSOLUTE (.))
                [!provide]                        PROVIDE (_alt_partition_VGA_Subsystem_Char_Buf_Subsystem_Onchip_SRAM_load_addr, LOADADDR (.VGA_Subsystem_Char_Buf_Subsystem_Onchip_SRAM))

.stab
 *(.stab)

.stabstr
 *(.stabstr)

.stab.excl
 *(.stab.excl)

.stab.exclstr
 *(.stab.exclstr)

.stab.index
 *(.stab.index)

.stab.indexstr
 *(.stab.indexstr)

.comment        0x0000000000000000       0x23
 *(.comment)
 .comment       0x0000000000000000       0x23 obj/default/hello_ucosii.o
                                         0x24 (size before relaxing)
 .comment       0x0000000000000023       0x24 /opt/intelFPGA/18.1/nios2eds/bin/gnu/H-x86_64-pc-linux-gnu/bin/../lib/gcc/nios2-elf/5.3.0/../../../../../H-x86_64-pc-linux-gnu/nios2-elf/lib/mhw-mulx/libc.a(lib_a-puts.o)
 .comment       0x0000000000000023       0x24 /opt/intelFPGA/18.1/nios2eds/bin/gnu/H-x86_64-pc-linux-gnu/bin/../lib/gcc/nios2-elf/5.3.0/../../../../../H-x86_64-pc-linux-gnu/nios2-elf/lib/mhw-mulx/libc.a(lib_a-strlen.o)
 .comment       0x0000000000000023       0x24 /opt/intelFPGA/18.1/nios2eds/bin/gnu/H-x86_64-pc-linux-gnu/bin/../lib/gcc/nios2-elf/5.3.0/../../../../../H-x86_64-pc-linux-gnu/nios2-elf/lib/mhw-mulx/libc.a(lib_a-findfp.o)
 .comment       0x0000000000000023       0x24 /opt/intelFPGA/18.1/nios2eds/bin/gnu/H-x86_64-pc-linux-gnu/bin/../lib/gcc/nios2-elf/5.3.0/../../../../../H-x86_64-pc-linux-gnu/nios2-elf/lib/mhw-mulx/libc.a(lib_a-fvwrite.o)
 .comment       0x0000000000000023       0x24 /opt/intelFPGA/18.1/nios2eds/bin/gnu/H-x86_64-pc-linux-gnu/bin/../lib/gcc/nios2-elf/5.3.0/../../../../../H-x86_64-pc-linux-gnu/nios2-elf/lib/mhw-mulx/libc.a(lib_a-fwalk.o)
 .comment       0x0000000000000023       0x24 /opt/intelFPGA/18.1/nios2eds/bin/gnu/H-x86_64-pc-linux-gnu/bin/../lib/gcc/nios2-elf/5.3.0/../../../../../H-x86_64-pc-linux-gnu/nios2-elf/lib/mhw-mulx/libc.a(lib_a-impure.o)
 .comment       0x0000000000000023       0x24 /opt/intelFPGA/18.1/nios2eds/bin/gnu/H-x86_64-pc-linux-gnu/bin/../lib/gcc/nios2-elf/5.3.0/../../../../../H-x86_64-pc-linux-gnu/nios2-elf/lib/mhw-mulx/libc.a(lib_a-mallocr.o)